============================= test session starts ==============================
platform darwin -- Python 3.12.13, pytest-9.1.1, pluggy-1.6.0 -- /Users/litmus/Documents/Contract Capsule/.worktrees/m5-validation-swap/.venv/bin/python
cachedir: /private/tmp/contract-capsule-m5-4a-rereview.pObpKI/cache/pytest/diagnostics
hypothesis profile 'default'
rootdir: /private/tmp/contract-capsule-m5-4a-rereview.pObpKI/source
configfile: pyproject.toml
plugins: cov-7.1.0, hypothesis-6.164.0
collecting ... collected 65 items

::test_preflight_rejects_malformed_top_level_shapes[] PASSED             [  1%]
::test_preflight_rejects_malformed_top_level_shapes[not-json] PASSED     [  3%]
::test_preflight_rejects_malformed_top_level_shapes[\xff] PASSED         [  4%]
::test_preflight_rejects_malformed_top_level_shapes[null] PASSED         [  6%]
::test_preflight_rejects_malformed_top_level_shapes[false] PASSED        [  7%]
::test_preflight_rejects_malformed_top_level_shapes[0] PASSED            [  9%]
::test_preflight_rejects_malformed_top_level_shapes["value"] PASSED      [ 10%]
::test_preflight_rejects_malformed_top_level_shapes[{}] PASSED           [ 12%]
::test_preflight_rejects_malformed_top_level_shapes[[]] PASSED           [ 13%]
::test_preflight_rejects_malformed_top_level_shapes[[null]] PASSED       [ 15%]
::test_preflight_rejects_malformed_top_level_shapes[[[]]] PASSED         [ 16%]
::test_preflight_rejects_malformed_top_level_shapes[[{},{}]] PASSED      [ 18%]
::test_preflight_rejects_each_missing_consumed_field[Id] PASSED          [ 20%]
::test_preflight_rejects_each_missing_consumed_field[Os] PASSED          [ 21%]
::test_preflight_rejects_each_missing_consumed_field[Architecture] PASSED [ 23%]
::test_preflight_rejects_wrong_consumed_field_types[None-Id] PASSED      [ 24%]
::test_preflight_rejects_wrong_consumed_field_types[None-Os] PASSED      [ 26%]
::test_preflight_rejects_wrong_consumed_field_types[None-Architecture] PASSED [ 27%]
::test_preflight_rejects_wrong_consumed_field_types[False-Id] PASSED     [ 29%]
::test_preflight_rejects_wrong_consumed_field_types[False-Os] PASSED     [ 30%]
::test_preflight_rejects_wrong_consumed_field_types[False-Architecture] PASSED [ 32%]
::test_preflight_rejects_wrong_consumed_field_types[0-Id] PASSED         [ 33%]
::test_preflight_rejects_wrong_consumed_field_types[0-Os] PASSED         [ 35%]
::test_preflight_rejects_wrong_consumed_field_types[0-Architecture] PASSED [ 36%]
::test_preflight_rejects_wrong_consumed_field_types[bad_value3-Id] PASSED [ 38%]
::test_preflight_rejects_wrong_consumed_field_types[bad_value3-Os] PASSED [ 40%]
::test_preflight_rejects_wrong_consumed_field_types[bad_value3-Architecture] PASSED [ 41%]
::test_preflight_rejects_wrong_consumed_field_types[bad_value4-Id] PASSED [ 43%]
::test_preflight_rejects_wrong_consumed_field_types[bad_value4-Os] PASSED [ 44%]
::test_preflight_rejects_wrong_consumed_field_types[bad_value4-Architecture] PASSED [ 46%]
::test_preflight_accepts_exact_shape_and_separates_identity_mismatch PASSED [ 47%]
::test_state_rejects_malformed_top_level_and_nested_shapes[] PASSED      [ 49%]
::test_state_rejects_malformed_top_level_and_nested_shapes[not-json] PASSED [ 50%]
::test_state_rejects_malformed_top_level_and_nested_shapes[\xff] PASSED  [ 52%]
::test_state_rejects_malformed_top_level_and_nested_shapes[null] PASSED  [ 53%]
::test_state_rejects_malformed_top_level_and_nested_shapes[false] PASSED [ 55%]
::test_state_rejects_malformed_top_level_and_nested_shapes[0] PASSED     [ 56%]
::test_state_rejects_malformed_top_level_and_nested_shapes["value"] PASSED [ 58%]
::test_state_rejects_malformed_top_level_and_nested_shapes[{}] PASSED    [ 60%]
::test_state_rejects_malformed_top_level_and_nested_shapes[[]] PASSED    [ 61%]
::test_state_rejects_malformed_top_level_and_nested_shapes[[null]] PASSED [ 63%]
::test_state_rejects_malformed_top_level_and_nested_shapes[[[]]] PASSED  [ 64%]
::test_state_rejects_malformed_top_level_and_nested_shapes[[{},{}]] PASSED [ 66%]
::test_state_rejects_malformed_top_level_and_nested_shapes[[{"Id":"bbbbbbbbbbbbbbbbbbbbbbbbbbbbbbbbbbbbbbbbbbbbbbbbbbbbbbbbbbbbbbbb"}]] PASSED [ 67%]
::test_state_rejects_malformed_top_level_and_nested_shapes[[{"Id":"bbbbbbbbbbbbbbbbbbbbbbbbbbbbbbbbbbbbbbbbbbbbbbbbbbbbbbbbbbbbbbbb","State":null}]] PASSED [ 69%]
::test_state_rejects_malformed_top_level_and_nested_shapes[[{"Id":"bbbbbbbbbbbbbbbbbbbbbbbbbbbbbbbbbbbbbbbbbbbbbbbbbbbbbbbbbbbbbbbb","State":[]}]] PASSED [ 70%]
::test_state_rejects_malformed_top_level_and_nested_shapes[[{"Id":"wrong","State":{"Running":false,"Status":"exited","ExitCode":0,"OOMKilled":false,"Error":""}}]] PASSED [ 72%]
::test_state_rejects_each_missing_consumed_field[Running] PASSED         [ 73%]
::test_state_rejects_each_missing_consumed_field[Status] PASSED          [ 75%]
::test_state_rejects_each_missing_consumed_field[ExitCode] PASSED        [ 76%]
::test_state_rejects_each_missing_consumed_field[OOMKilled] PASSED       [ 78%]
::test_state_rejects_each_missing_consumed_field[Error] PASSED           [ 80%]
::test_state_rejects_wrong_consumed_field_types[Running-0] PASSED        [ 81%]
::test_state_rejects_wrong_consumed_field_types[Running-None] PASSED     [ 83%]
::test_state_rejects_wrong_consumed_field_types[Status-False] PASSED     [ 84%]
::test_state_rejects_wrong_consumed_field_types[Status-None] PASSED      [ 86%]
::test_state_rejects_wrong_consumed_field_types[ExitCode-False] PASSED   [ 87%]
::test_state_rejects_wrong_consumed_field_types[ExitCode-0] PASSED       [ 89%]
::test_state_rejects_wrong_consumed_field_types[OOMKilled-0] PASSED      [ 90%]
::test_state_rejects_wrong_consumed_field_types[OOMKilled-None] PASSED   [ 92%]
::test_state_rejects_wrong_consumed_field_types[Error-False] PASSED      [ 93%]
::test_state_rejects_wrong_consumed_field_types[Error-None] PASSED       [ 95%]
::test_state_accepts_all_consumed_fields_with_docker_extras PASSED       [ 96%]
::test_malformed_initializer_state_raises_stage_error_and_cleans PASSED  [ 98%]
::test_malformed_subject_state_blocks_capture_and_cleans PASSED          [100%]

============================== 65 passed in 1.37s ==============================
