FFFF                                                                     [100%]
=================================== FAILURES ===================================
_______________ test_malformed_image_inspection_fails_closed[[]] _______________

monkeypatch = <_pytest.monkeypatch.MonkeyPatch object at 0x106a3c560>
payload = b'[]'

    @pytest.mark.parametrize("payload", [b"[]", b"{}", b"not-json"])
    def test_malformed_image_inspection_fails_closed(monkeypatch, payload):
        lifecycle = DockerLifecycle(config())
        monkeypatch.setattr(lifecycle, "control", lambda *args, **kwargs: payload)
        with pytest.raises(RunnerError, match="malformed image inspection"):
>           lifecycle.preflight()

tests/integration/test_docker_stage.py:289: 
_ _ _ _ _ _ _ _ _ _ _ _ _ _ _ _ _ _ _ _ _ _ _ _ _ _ _ _ _ _ _ _ _ _ _ _ _ _ _ _ 

self = <contractcapsule.swap.docker_lifecycle.DockerLifecycle object at 0x1075e1610>

    def preflight(self) -> None:
>       image = json.loads(self.control("image", "inspect", self.config.image_digest))[
            0
        ]
E       IndexError: list index out of range

../baseline-source/src/contractcapsule/swap/docker_lifecycle.py:40: IndexError
_______________ test_malformed_image_inspection_fails_closed[{}] _______________

monkeypatch = <_pytest.monkeypatch.MonkeyPatch object at 0x10783fef0>
payload = b'{}'

    @pytest.mark.parametrize("payload", [b"[]", b"{}", b"not-json"])
    def test_malformed_image_inspection_fails_closed(monkeypatch, payload):
        lifecycle = DockerLifecycle(config())
        monkeypatch.setattr(lifecycle, "control", lambda *args, **kwargs: payload)
        with pytest.raises(RunnerError, match="malformed image inspection"):
>           lifecycle.preflight()

tests/integration/test_docker_stage.py:289: 
_ _ _ _ _ _ _ _ _ _ _ _ _ _ _ _ _ _ _ _ _ _ _ _ _ _ _ _ _ _ _ _ _ _ _ _ _ _ _ _ 

self = <contractcapsule.swap.docker_lifecycle.DockerLifecycle object at 0x10783eb40>

    def preflight(self) -> None:
>       image = json.loads(self.control("image", "inspect", self.config.image_digest))[
            0
        ]
E       KeyError: 0

../baseline-source/src/contractcapsule/swap/docker_lifecycle.py:40: KeyError
____________ test_malformed_image_inspection_fails_closed[not-json] ____________

monkeypatch = <_pytest.monkeypatch.MonkeyPatch object at 0x10783daf0>
payload = b'not-json'

    @pytest.mark.parametrize("payload", [b"[]", b"{}", b"not-json"])
    def test_malformed_image_inspection_fails_closed(monkeypatch, payload):
        lifecycle = DockerLifecycle(config())
        monkeypatch.setattr(lifecycle, "control", lambda *args, **kwargs: payload)
        with pytest.raises(RunnerError, match="malformed image inspection"):
>           lifecycle.preflight()

tests/integration/test_docker_stage.py:289: 
_ _ _ _ _ _ _ _ _ _ _ _ _ _ _ _ _ _ _ _ _ _ _ _ _ _ _ _ _ _ _ _ _ _ _ _ _ _ _ _ 
../baseline-source/src/contractcapsule/swap/docker_lifecycle.py:40: in preflight
    image = json.loads(self.control("image", "inspect", self.config.image_digest))[
            ^^^^^^^^^^^^^^^^^^^^^^^^^^^^^^^^^^^^^^^^^^^^^^^^^^^^^^^^^^^^^^^^^^^^^^
/Users/litmus/.local/share/uv/python/cpython-3.12.13-macos-aarch64-none/lib/python3.12/json/__init__.py:346: in loads
    return _default_decoder.decode(s)
           ^^^^^^^^^^^^^^^^^^^^^^^^^^
/Users/litmus/.local/share/uv/python/cpython-3.12.13-macos-aarch64-none/lib/python3.12/json/decoder.py:338: in decode
    obj, end = self.raw_decode(s, idx=_w(s, 0).end())
               ^^^^^^^^^^^^^^^^^^^^^^^^^^^^^^^^^^^^^^
_ _ _ _ _ _ _ _ _ _ _ _ _ _ _ _ _ _ _ _ _ _ _ _ _ _ _ _ _ _ _ _ _ _ _ _ _ _ _ _ 

self = <json.decoder.JSONDecoder object at 0x1066edb20>, s = 'not-json', idx = 0

    def raw_decode(self, s, idx=0):
        """Decode a JSON document from ``s`` (a ``str`` beginning with
        a JSON document) and return a 2-tuple of the Python
        representation and the index in ``s`` where the document ended.
    
        This can be used to decode a JSON document from a string that may
        have extraneous data at the end.
    
        """
        try:
            obj, end = self.scan_once(s, idx)
        except StopIteration as err:
>           raise JSONDecodeError("Expecting value", s, err.value) from None
E           json.decoder.JSONDecodeError: Expecting value: line 1 column 1 (char 0)

/Users/litmus/.local/share/uv/python/cpython-3.12.13-macos-aarch64-none/lib/python3.12/json/decoder.py:356: JSONDecodeError
_________________ test_malformed_container_state_fails_closed __________________

monkeypatch = <_pytest.monkeypatch.MonkeyPatch object at 0x1063030e0>

    def test_malformed_container_state_fails_closed(monkeypatch):
        lifecycle = DockerLifecycle(config())
        monkeypatch.setattr(
            lifecycle,
            "control",
            lambda *args, **kwargs: b'[{"Id":"' + b"a" * 64 + b'","State":{"Running":false,"Status":"exited","ExitCode":0}}]',
        )
>       with pytest.raises(RunnerError, match="malformed container state"):
             ^^^^^^^^^^^^^^^^^^^^^^^^^^^^^^^^^^^^^^^^^^^^^^^^^^^^^^^^^^^^^
E       Failed: DID NOT RAISE RunnerError

tests/integration/test_docker_stage.py:299: Failed
=========================== short test summary info ============================
FAILED ../baseline-source::test_malformed_image_inspection_fails_closed[[]]
FAILED ../baseline-source::test_malformed_image_inspection_fails_closed[{}]
FAILED ../baseline-source::test_malformed_image_inspection_fails_closed[not-json]
FAILED ../baseline-source::test_malformed_container_state_fails_closed - Fail...
4 failed in 0.18s
