============================= test session starts ==============================
platform darwin -- Python 3.12.13, pytest-9.1.1, pluggy-1.6.0 -- /Users/litmus/Documents/Contract Capsule/.worktrees/m4-view-compiler/.venv/bin/python
hypothesis profile 'default'
rootdir: /private/tmp/cc-m4-final-verification.4l5I1p/head
configfile: pyproject.toml
plugins: cov-7.1.0, hypothesis-6.164.0
collecting ... collected 235 items

tests/unit/test_eligibility.py::test_path_matching_is_anchored_segment_globbing[src/auth/**-src/auth-True] PASSED [  0%]
tests/unit/test_eligibility.py::test_path_matching_is_anchored_segment_globbing[src/**/token.py-src/token.py-True] PASSED [  0%]
tests/unit/test_eligibility.py::test_path_matching_is_anchored_segment_globbing[**/token.py-token.py-True] PASSED [  1%]
tests/unit/test_eligibility.py::test_path_matching_is_anchored_segment_globbing[src/*/token.py-src/auth/token.py-True] PASSED [  1%]
tests/unit/test_eligibility.py::test_path_matching_is_anchored_segment_globbing[src/*/token.py-src/auth/deep/token.py-False] PASSED [  2%]
tests/unit/test_eligibility.py::test_path_matching_is_anchored_segment_globbing[src/auth-src/auth/token.py-False] PASSED [  2%]
tests/unit/test_eligibility.py::test_path_matching_is_anchored_segment_globbing[src/auth/**-prefix/src/auth/token.py-False] PASSED [  2%]
tests/unit/test_eligibility.py::test_path_matching_is_anchored_segment_globbing[src/auth/**-src/authentication/token.py-False] PASSED [  3%]
tests/unit/test_eligibility.py::test_path_matching_is_anchored_segment_globbing[src/*.py-src/a.PY-False] PASSED [  3%]
tests/unit/test_eligibility.py::test_path_matching_is_anchored_segment_globbing[src/a*b*c.py-src/abc.py-True] PASSED [  4%]
tests/unit/test_eligibility.py::test_invalid_scope_patterns_fail_closed[] PASSED [  4%]
tests/unit/test_eligibility.py::test_invalid_scope_patterns_fail_closed[/src] PASSED [  5%]
tests/unit/test_eligibility.py::test_invalid_scope_patterns_fail_closed[C:src] PASSED [  5%]
tests/unit/test_eligibility.py::test_invalid_scope_patterns_fail_closed[src\\a] PASSED [  5%]
tests/unit/test_eligibility.py::test_invalid_scope_patterns_fail_closed[src\x00a] PASSED [  6%]
tests/unit/test_eligibility.py::test_invalid_scope_patterns_fail_closed[src/./a] PASSED [  6%]
tests/unit/test_eligibility.py::test_invalid_scope_patterns_fail_closed[../a] PASSED [  7%]
tests/unit/test_eligibility.py::test_invalid_scope_patterns_fail_closed[src//a] PASSED [  7%]
tests/unit/test_eligibility.py::test_invalid_scope_patterns_fail_closed[src/] PASSED [  8%]
tests/unit/test_eligibility.py::test_invalid_scope_patterns_fail_closed[src/?.py] PASSED [  8%]
tests/unit/test_eligibility.py::test_invalid_scope_patterns_fail_closed[src/[ab].py] PASSED [  8%]
tests/unit/test_eligibility.py::test_invalid_scope_patterns_fail_closed[src/a**b] PASSED [  9%]
tests/unit/test_eligibility.py::test_invalid_scope_patterns_fail_closed[***] PASSED [  9%]
tests/unit/test_eligibility.py::test_paths_validate_all_entries_even_after_a_match PASSED [ 10%]
tests/unit/test_eligibility.py::test_atom_scope_dimensions_are_anded_and_values_ored PASSED [ 10%]
tests/unit/test_eligibility.py::test_unknown_or_malformed_atom_selectors_deny[scope0] PASSED [ 11%]
tests/unit/test_eligibility.py::test_unknown_or_malformed_atom_selectors_deny[scope1] PASSED [ 11%]
tests/unit/test_eligibility.py::test_unknown_or_malformed_atom_selectors_deny[scope2] PASSED [ 11%]
tests/unit/test_eligibility.py::test_unknown_or_malformed_atom_selectors_deny[scope3] PASSED [ 12%]
tests/unit/test_eligibility.py::test_deep_scope_matching_does_not_recurse_or_expand_exponentially PASSED [ 12%]
tests/unit/test_eligibility.py::test_real_registry_publication_is_read_and_admitted PASSED [ 13%]
tests/unit/test_eligibility.py::test_forged_publication_projection_is_rejected[statement] PASSED [ 13%]
tests/unit/test_eligibility.py::test_forged_publication_projection_is_rejected[signature] PASSED [ 14%]
tests/unit/test_eligibility.py::test_forged_publication_projection_is_rejected[digest] PASSED [ 14%]
tests/unit/test_eligibility.py::test_forged_publication_projection_is_rejected[status] PASSED [ 14%]
tests/unit/test_eligibility.py::test_registry_access_is_required_even_when_runtime_policy_grants PASSED [ 15%]
tests/unit/test_eligibility.py::test_capsule_scope_and_tenant_gates_deny[changes0] PASSED [ 15%]
tests/unit/test_eligibility.py::test_capsule_scope_and_tenant_gates_deny[changes1] PASSED [ 16%]
tests/unit/test_eligibility.py::test_capsule_scope_and_tenant_gates_deny[changes2] PASSED [ 16%]
tests/unit/test_eligibility.py::test_capsule_scope_and_tenant_gates_deny[changes3] PASSED [ 17%]
tests/unit/test_eligibility.py::test_default_policy_and_freshness_deny PASSED [ 17%]
tests/unit/test_eligibility.py::test_grant_fragments_cannot_be_unioned PASSED [ 17%]
tests/unit/test_eligibility.py::test_explicit_grant_dimensions_are_all_required[change0] PASSED [ 18%]
tests/unit/test_eligibility.py::test_explicit_grant_dimensions_are_all_required[change1] PASSED [ 18%]
tests/unit/test_eligibility.py::test_explicit_grant_dimensions_are_all_required[change2] PASSED [ 19%]
tests/unit/test_eligibility.py::test_explicit_grant_dimensions_are_all_required[change3] PASSED [ 19%]
tests/unit/test_eligibility.py::test_explicit_grant_dimensions_are_all_required[change4] PASSED [ 20%]
tests/unit/test_eligibility.py::test_explicit_grant_dimensions_are_all_required[change5] PASSED [ 20%]
tests/unit/test_eligibility.py::test_policy_digest_binds_grants_principal_and_task PASSED [ 20%]
tests/unit/test_eligibility.py::test_policy_malformed_or_exception_denies_without_message_leak[1] PASSED [ 21%]
tests/unit/test_eligibility.py::test_policy_malformed_or_exception_denies_without_message_leak[yes] PASSED [ 21%]
tests/unit/test_eligibility.py::test_policy_malformed_or_exception_denies_without_message_leak[None] PASSED [ 22%]
tests/unit/test_eligibility.py::test_policy_malformed_or_exception_denies_without_message_leak[decision3] PASSED [ 22%]
tests/unit/test_eligibility.py::test_individual_atom_scope_does_not_export_denied_identity PASSED [ 22%]
tests/unit/test_eligibility.py::test_atom_validity_dates_are_inclusive PASSED [ 23%]
tests/unit/test_eligibility.py::test_local_interface_compatibility_is_not_collective_coverage[provided0-required0-True] PASSED [ 23%]
tests/unit/test_eligibility.py::test_local_interface_compatibility_is_not_collective_coverage[provided1-required1-True] PASSED [ 24%]
tests/unit/test_eligibility.py::test_local_interface_compatibility_is_not_collective_coverage[provided2-required2-False] PASSED [ 24%]
tests/unit/test_eligibility.py::test_local_interface_compatibility_is_not_collective_coverage[provided3-required3-True] PASSED [ 25%]
tests/unit/test_eligibility.py::test_local_interface_compatibility_is_not_collective_coverage[provided4-required4-False] PASSED [ 25%]
tests/unit/test_eligibility.py::test_local_interface_compatibility_is_not_collective_coverage[provided5-required5-False] PASSED [ 25%]
tests/unit/test_eligibility.py::test_local_interface_compatibility_is_not_collective_coverage[provided6-required6-False] PASSED [ 26%]
tests/unit/test_eligibility.py::test_local_interface_compatibility_is_not_collective_coverage[provided7-required7-False] PASSED [ 26%]
tests/unit/test_eligibility.py::test_freshness_exact_binding_and_time_window PASSED [ 27%]
tests/unit/test_eligibility.py::test_freshness_rejects_duplicate_and_reversed_records PASSED [ 27%]
tests/unit/test_eligibility.py::test_freshness_atom_checks_only_referenced_evidence PASSED [ 28%]
tests/unit/test_eligibility.py::test_p4_ttl_expiry_is_not_revived_by_freshness_attestation PASSED [ 28%]
tests/unit/test_eligibility.py::test_resolve_is_stable_and_deduplicates_identical_projection PASSED [ 28%]
tests/unit/test_eligibility.py::test_conflicting_duplicate_identity_does_not_admit_either PASSED [ 29%]
tests/unit/test_eligibility.py::test_policy_snapshot_change_fails_closed PASSED [ 29%]
tests/unit/test_eligibility.py::test_invalid_snapshot_metadata_fails_closed[not-a-digest] PASSED [ 30%]
tests/unit/test_eligibility.py::test_invalid_snapshot_metadata_fails_closed[sha256:xxxxxxxxxxxxxxxxxxxxxxxxxxxxxxxxxxxxxxxxxxxxxxxxxxxxxxxxxxxxxxxx] PASSED [ 30%]
tests/unit/test_eligibility.py::test_resolver_configuration_is_explicit_and_validated PASSED [ 31%]
tests/unit/test_eligibility.py::test_permission_snapshot_normalizes_semantic_grant_sets PASSED [ 31%]
tests/unit/test_eligibility.py::test_forged_principal_and_task_copies_fail_closed PASSED [ 31%]
tests/unit/test_eligibility.py::test_freshness_malformed_or_exception_denies_safely[1] PASSED [ 32%]
tests/unit/test_eligibility.py::test_freshness_malformed_or_exception_denies_safely[fresh] PASSED [ 32%]
tests/unit/test_eligibility.py::test_freshness_malformed_or_exception_denies_safely[None] PASSED [ 33%]
tests/unit/test_eligibility.py::test_freshness_malformed_or_exception_denies_safely[decision3] PASSED [ 33%]
tests/unit/test_eligibility.py::test_freshness_snapshot_change_blocks_entire_result PASSED [ 34%]
tests/unit/test_eligibility.py::test_invalid_service_version_is_not_accepted PASSED [ 34%]
tests/unit/test_eligibility.py::test_authorization_gate_precedes_freshness_and_does_not_call_denied_atoms PASSED [ 34%]
tests/unit/test_eligibility.py::test_atom_security_gates_leave_full_payload_but_no_denied_id[change0] PASSED [ 35%]
tests/unit/test_eligibility.py::test_atom_security_gates_leave_full_payload_but_no_denied_id[change1] PASSED [ 35%]
tests/unit/test_eligibility.py::test_atom_security_gates_leave_full_payload_but_no_denied_id[change2] PASSED [ 36%]
tests/unit/test_eligibility.py::test_snapshot_digest_includes_resolver_sensitivity_and_time PASSED [ 36%]
tests/unit/test_eligibility.py::test_recorded_freshness_never_uses_a_validation_flag_as_attestation PASSED [ 37%]
tests/unit/test_eligibility.py::test_resolver_rechecks_registry_integrity_after_publication PASSED [ 37%]
tests/unit/test_eligibility.py::test_scope_type_errors_are_safe_compile_errors[scope0] PASSED [ 37%]
tests/unit/test_eligibility.py::test_scope_type_errors_are_safe_compile_errors[scope1] PASSED [ 38%]
tests/unit/test_eligibility.py::test_scope_type_errors_are_safe_compile_errors[scope2] PASSED [ 38%]
tests/unit/test_eligibility.py::test_signature_value_change_with_unchanged_core_digest_is_rejected PASSED [ 39%]
tests/unit/test_eligibility.py::test_atom_and_capsule_scope_require_the_same_task_path[atom_scope0-expected_ids0-eligible] PASSED [ 39%]
tests/unit/test_eligibility.py::test_atom_and_capsule_scope_require_the_same_task_path[atom_scope0-expected_ids0-resolve] PASSED [ 40%]
tests/unit/test_eligibility.py::test_atom_and_capsule_scope_require_the_same_task_path[atom_scope1-expected_ids1-eligible] PASSED [ 40%]
tests/unit/test_eligibility.py::test_atom_and_capsule_scope_require_the_same_task_path[atom_scope1-expected_ids1-resolve] PASSED [ 40%]
tests/unit/test_eligibility.py::test_atom_and_capsule_scope_require_the_same_task_path[atom_scope2-expected_ids2-eligible] PASSED [ 41%]
tests/unit/test_eligibility.py::test_atom_and_capsule_scope_require_the_same_task_path[atom_scope2-expected_ids2-resolve] PASSED [ 41%]
tests/unit/test_eligibility.py::test_scope_narrowing_preserves_original_authorization_task PASSED [ 42%]
tests/unit/test_eligibility.py::test_mixed_malformed_publication_identity_preserves_valid_admission[capsule_id-False] PASSED [ 42%]
tests/unit/test_eligibility.py::test_mixed_malformed_publication_identity_preserves_valid_admission[capsule_id-True] PASSED [ 42%]
tests/unit/test_eligibility.py::test_mixed_malformed_publication_identity_preserves_valid_admission[version-False] PASSED [ 43%]
tests/unit/test_eligibility.py::test_mixed_malformed_publication_identity_preserves_valid_admission[version-True] PASSED [ 43%]
tests/unit/test_eligibility.py::test_mixed_malformed_publication_identity_preserves_valid_admission[inner_capsule-False] PASSED [ 44%]
tests/unit/test_eligibility.py::test_mixed_malformed_publication_identity_preserves_valid_admission[inner_capsule-True] PASSED [ 44%]
tests/unit/test_eligibility.py::test_ineligible_atom_never_reaches_ranker PASSED [ 45%]
tests/unit/test_dependency_closure.py::test_selected_set_is_closed PASSED [ 45%]
tests/unit/test_dependency_closure.py::test_optional_and_metadata_edges_never_force_membership PASSED [ 45%]
tests/unit/test_dependency_closure.py::test_conflicts_are_symmetric_deduplicated_and_include_self PASSED [ 46%]
tests/unit/test_dependency_closure.py::test_collective_roots_force_complete_payload_not_metadata PASSED [ 46%]
tests/unit/test_dependency_closure.py::test_partial_and_zero_atom_providers_are_unusable PASSED [ 47%]
tests/unit/test_dependency_closure.py::test_unrelated_lock_cannot_choose_ambiguous_root PASSED [ 47%]
tests/unit/test_dependency_closure.py::test_consumer_lock_and_release_not_interface_version PASSED [ 48%]
tests/unit/test_dependency_closure.py::test_consumer_lock_is_exact_and_owned[missing] PASSED [ 48%]
tests/unit/test_dependency_closure.py::test_consumer_lock_is_exact_and_owned[digest] PASSED [ 48%]
tests/unit/test_dependency_closure.py::test_consumer_lock_is_exact_and_owned[version] PASSED [ 49%]
tests/unit/test_dependency_closure.py::test_consumer_lock_is_exact_and_owned[wrong-consumer] PASSED [ 49%]
tests/unit/test_dependency_closure.py::test_atom_requirement_does_not_force_siblings PASSED [ 50%]
tests/unit/test_dependency_closure.py::test_reachable_missing_requirement_is_safe PASSED [ 50%]
tests/unit/test_dependency_closure.py::test_competing_versions_conflict_only_when_selected PASSED [ 51%]
tests/unit/test_dependency_closure.py::test_different_duplicate_atom_content_is_rejected PASSED [ 51%]
tests/unit/test_dependency_closure.py::test_graph_input_permutations_are_stable PASSED [ 51%]
tests/unit/test_dependency_closure.py::test_capsule_edge_chooses_only_consumer_locked_release PASSED [ 52%]
tests/unit/test_dependency_closure.py::test_unknown_dotted_target_remains_a_missing_obligation PASSED [ 52%]
tests/unit/test_dependency_closure.py::test_invalid_explicit_edges_fail_safely[graph_edge0-INVALID_GRAPH] PASSED [ 53%]
tests/unit/test_dependency_closure.py::test_invalid_explicit_edges_fail_safely[graph_edge1-INVALID_GRAPH] PASSED [ 53%]
tests/unit/test_dependency_closure.py::test_invalid_explicit_edges_fail_safely[graph_edge2-INVALID_VERSION_CONSTRAINT] PASSED [ 54%]
tests/unit/test_dependency_closure.py::test_invalid_explicit_edges_fail_safely[graph_edge3-INVALID_VERSION_CONSTRAINT] PASSED [ 54%]
tests/unit/test_dependency_closure.py::test_invalid_explicit_edges_fail_safely[graph_edge4-MISSING_DEPENDENCY] PASSED [ 54%]
tests/unit/test_dependency_closure.py::test_atom_capsule_name_collision_is_not_guessed PASSED [ 55%]
tests/unit/test_dependency_closure.py::test_reserved_atom_namespace_is_rejected PASSED [ 55%]
tests/unit/test_dependency_closure.py::test_capsule_conflict_is_realized_by_dependency_owner PASSED [ 56%]
tests/unit/test_dependency_closure.py::test_same_capsule_atom_cycle_merges_inline_and_explicit_edges PASSED [ 56%]
tests/unit/test_dependency_closure.py::test_unadmitted_dependency_is_not_dropped_or_disclosed PASSED [ 57%]
tests/unit/test_dependency_closure.py::test_optional_unknown_target_does_not_force_or_conflict PASSED [ 57%]
tests/unit/test_dependency_closure.py::test_singleton_interface_gate[required0-True] PASSED [ 57%]
tests/unit/test_dependency_closure.py::test_singleton_interface_gate[required1-True] PASSED [ 58%]
tests/unit/test_dependency_closure.py::test_singleton_interface_gate[required2-False] PASSED [ 58%]
tests/unit/test_dependency_closure.py::test_singleton_interface_gate[required3-False] PASSED [ 59%]
tests/unit/test_dependency_closure.py::test_identical_duplicate_retains_all_real_publication_owners PASSED [ 59%]
tests/unit/test_dependency_closure.py::test_duplicate_full_content_not_only_statement[extensions-value0] PASSED [ 60%]
tests/unit/test_dependency_closure.py::test_duplicate_full_content_not_only_statement[requires_atoms-value1] PASSED [ 60%]
tests/unit/test_dependency_closure.py::test_duplicate_full_content_not_only_statement[conflicts_with-value2] PASSED [ 60%]
tests/unit/test_dependency_closure.py::test_zero_admitted_root_payload_is_unusable PASSED [ 61%]
tests/unit/test_dependency_closure.py::test_partial_dependency_provider_blocks_before_selection PASSED [ 61%]
tests/unit/test_dependency_closure.py::test_required_atom_missing_is_safe PASSED [ 62%]
tests/unit/test_dependency_closure.py::test_multiple_locked_dependency_providers_still_ambiguous PASSED [ 62%]
tests/unit/test_dependency_closure.py::test_invalid_manifest_declaration_is_safe[requires-auth@^1] PASSED [ 62%]
tests/unit/test_dependency_closure.py::test_invalid_manifest_declaration_is_safe[conflicts-auth@] PASSED [ 63%]
tests/unit/test_dependency_closure.py::test_invalid_manifest_declaration_is_safe[conflicts-auth] PASSED [ 63%]
tests/unit/test_dependency_closure.py::test_cross_capsule_atom_dependency_requires_lock PASSED [ 64%]
tests/unit/test_dependency_closure.py::test_capsule_self_cycle_forces_payload_and_terminates PASSED [ 64%]
tests/unit/test_dependency_closure.py::test_partial_capsule_target_cannot_be_required PASSED [ 65%]
tests/unit/test_dependency_closure.py::test_deduplicated_atom_conflict_matches_any_selected_owner PASSED [ 65%]
tests/unit/test_dependency_closure.py::test_capsule_edge_selects_only_complete_locked_unit PASSED [ 65%]
tests/unit/test_budget.py::test_locked_profile_counts_real_tokens[hello world-2] PASSED [ 66%]
tests/unit/test_budget.py::test_locked_profile_counts_real_tokens[hel-1] PASSED [ 66%]
tests/unit/test_budget.py::test_locked_profile_counts_real_tokens[lo-1] PASSED [ 67%]
tests/unit/test_budget.py::test_locked_profile_counts_real_tokens[hello-1] PASSED [ 67%]
tests/unit/test_budget.py::test_locked_profile_counts_real_tokens[-0] PASSED [ 68%]
tests/unit/test_budget.py::test_locked_profile_counts_real_tokens[<|endoftext|>-7] PASSED [ 68%]
tests/unit/test_budget.py::test_locked_profile_counts_real_tokens[\u5408\u540c\u80f6\u56ca-4] PASSED [ 68%]
tests/unit/test_budget.py::test_full_count_includes_nonadditive_section_boundary PASSED [ 69%]
tests/unit/test_budget.py::test_attempted_overbudget_accounting_is_not_silently_truncated PASSED [ 69%]
tests/unit/test_budget.py::test_counter_configuration_is_immutable_and_model_bound PASSED [ 70%]
tests/unit/test_budget.py::test_resources_fail_without_network_or_repair[missing-o200k_base.profile.json] PASSED [ 70%]
tests/unit/test_budget.py::test_resources_fail_without_network_or_repair[missing-o200k_base.tiktoken] PASSED [ 71%]
tests/unit/test_budget.py::test_resources_fail_without_network_or_repair[corrupt-o200k_base.profile.json] PASSED [ 71%]
tests/unit/test_budget.py::test_resources_fail_without_network_or_repair[corrupt-o200k_base.tiktoken] PASSED [ 71%]
tests/unit/test_budget.py::test_resources_fail_without_network_or_repair[symlink-o200k_base.profile.json] PASSED [ 72%]
tests/unit/test_budget.py::test_resources_fail_without_network_or_repair[symlink-o200k_base.tiktoken] PASSED [ 72%]
tests/unit/test_budget.py::test_healthy_counter_never_uses_tiktoken_downloading_registry PASSED [ 73%]
tests/unit/test_budget.py::test_runtime_library_mismatch_blocks PASSED   [ 73%]
tests/unit/test_budget.py::test_invalid_text_is_not_lossily_repaired PASSED [ 74%]
tests/unit/test_budget.py::test_counter_results_must_be_nonnegative_strict_integers[True] PASSED [ 74%]
tests/unit/test_budget.py::test_counter_results_must_be_nonnegative_strict_integers[-1] PASSED [ 74%]
tests/unit/test_budget.py::test_counter_results_must_be_nonnegative_strict_integers[1.5] PASSED [ 75%]
tests/unit/test_budget.py::test_counter_results_must_be_nonnegative_strict_integers[3] PASSED [ 75%]
tests/unit/test_budget.py::test_duplicate_section_names_are_rejected PASSED [ 76%]
tests/unit/test_budget.py::test_p0_overflow_fails_closed PASSED          [ 76%]
tests/integration/test_compile_view.py::test_locked_view_is_reproducible PASSED [ 77%]
tests/integration/test_compile_view.py::test_p0_miss_and_p1_dependency_are_mandatory PASSED [ 77%]
tests/integration/test_compile_view.py::test_mandatory_overflow_is_empty[0] PASSED [ 77%]
tests/integration/test_compile_view.py::test_mandatory_overflow_is_empty[1] PASSED [ 78%]
tests/integration/test_compile_view.py::test_mandatory_overflow_is_empty[100] PASSED [ 78%]
tests/integration/test_compile_view.py::test_collective_provider_payload_and_permutations PASSED [ 79%]
tests/integration/test_compile_view.py::test_replay_mismatch_does_not_return_content PASSED [ 79%]
tests/integration/test_compile_view.py::test_mismatched_configuration_blocks[model_id-other] PASSED [ 80%]
tests/integration/test_compile_view.py::test_mismatched_configuration_blocks[tokenizer_profile-other] PASSED [ 80%]
tests/integration/test_compile_view.py::test_mismatched_configuration_blocks[renderer_version-other] PASSED [ 80%]
tests/integration/test_compile_view.py::test_mismatched_configuration_blocks[runtime_config-value3] PASSED [ 81%]
tests/integration/test_compile_view.py::test_denied_member_never_reaches_ranker PASSED [ 81%]
tests/integration/test_compile_view.py::test_schema_is_independent_and_reproducible PASSED [ 82%]
tests/integration/test_compile_view.py::test_exact_budget_boundary_and_p1_overflow PASSED [ 82%]
tests/integration/test_compile_view.py::test_optional_group_exclusion_preserves_mandatory_content PASSED [ 82%]
tests/integration/test_compile_view.py::test_mandatory_graph_failures_and_cycles[missing] PASSED [ 83%]
tests/integration/test_compile_view.py::test_mandatory_graph_failures_and_cycles[conflict] PASSED [ 83%]
tests/integration/test_compile_view.py::test_mandatory_graph_failures_and_cycles[cycle] PASSED [ 84%]
tests/integration/test_compile_view.py::test_malformed_ranker_results_fail_closed[drop] PASSED [ 84%]
tests/integration/test_compile_view.py::test_malformed_ranker_results_fail_closed[change] PASSED [ 85%]
tests/integration/test_compile_view.py::test_malformed_ranker_results_fail_closed[duplicate] PASSED [ 85%]
tests/integration/test_compile_view.py::test_malformed_ranker_results_fail_closed[nan] PASSED [ 85%]
tests/integration/test_compile_view.py::test_malformed_ranker_results_fail_closed[raise] PASSED [ 86%]
tests/integration/test_compile_view.py::test_evidence_integrity_checked_before_ranker PASSED [ 86%]
tests/integration/test_compile_view.py::test_expansion_is_reauthorized_and_inside_budget[GIT_IMMUTABLE] PASSED [ 87%]
tests/integration/test_compile_view.py::test_expansion_is_reauthorized_and_inside_budget[EXTERNAL_IMMUTABLE] PASSED [ 87%]
tests/integration/test_compile_view.py::test_unknown_expansion_blocks PASSED [ 88%]
tests/integration/test_compile_view.py::test_changed_permissions_never_replay_old_view PASSED [ 88%]
tests/integration/test_compile_view.py::test_secret_task_metadata_is_not_echoed PASSED [ 88%]
tests/integration/test_compile_view.py::test_policy_snapshot_change_during_ranking_blocks PASSED [ 89%]
tests/integration/test_compile_view.py::test_service_snapshot_change_during_ranking_blocks PASSED [ 89%]
tests/integration/test_compile_view.py::test_final_renderer_cannot_drop_p0 PASSED [ 90%]
tests/integration/test_compile_view.py::test_declared_runtime_configuration_is_strict_before_serialization PASSED [ 90%]
tests/integration/test_compile_view.py::test_singleton_interface_gate_matches_m1[provides0-required0-True] PASSED [ 91%]
tests/integration/test_compile_view.py::test_singleton_interface_gate_matches_m1[provides1-required1-False] PASSED [ 91%]
tests/integration/test_compile_view.py::test_singleton_interface_gate_matches_m1[provides2-required2-False] PASSED [ 91%]
tests/integration/test_compile_view.py::test_singleton_interface_gate_matches_m1[provides3-required3-True] PASSED [ 92%]
tests/integration/test_compile_view.py::test_required_whole_provider_cannot_drop_lower_class_member PASSED [ 92%]
tests/integration/test_compile_view.py::test_unusable_root_provider_blocks_before_ranker[missing] PASSED [ 93%]
tests/integration/test_compile_view.py::test_unusable_root_provider_blocks_before_ranker[denied_member] PASSED [ 93%]
tests/integration/test_compile_view.py::test_unusable_root_provider_blocks_before_ranker[ambiguous] PASSED [ 94%]
tests/integration/test_compile_view.py::test_b_c_and_publication_time_do_not_change_replay PASSED [ 94%]
tests/integration/test_compile_view.py::test_task_change_preserves_schema_and_p0_prefix PASSED [ 94%]
tests/integration/test_compile_view.py::test_revocation_at_expansion_blocks_and_hides_raw_error PASSED [ 95%]
tests/integration/test_compile_view.py::test_operational_faults_return_safe_invalid_view[scanner] PASSED [ 95%]
tests/integration/test_compile_view.py::test_operational_faults_return_safe_invalid_view[evidence] PASSED [ 96%]
tests/integration/test_compile_view.py::test_operational_faults_return_safe_invalid_view[counter] PASSED [ 96%]
tests/integration/test_compile_view.py::test_injected_evidence_must_share_admission_context PASSED [ 97%]
tests/integration/test_compile_view.py::test_changed_external_blob_is_rejected_before_ranking PASSED [ 97%]
tests/integration/test_compile_view.py::test_admitted_excluded_atom_retains_decision_without_capsule_identity PASSED [ 97%]
tests/integration/test_compile_view.py::test_dependency_witness_is_only_reported_when_realized PASSED [ 98%]
tests/integration/test_compile_view.py::test_ranker_cannot_leak_mutated_task_through_failure PASSED [ 98%]
tests/integration/test_compile_view.py::test_malformed_native_material_is_rejected_before_ranking[evidence_id] PASSED [ 99%]
tests/integration/test_compile_view.py::test_malformed_native_material_is_rejected_before_ranking[atom_ids] PASSED [ 99%]
tests/integration/test_compile_view.py::test_revocation_after_last_native_read_blocks_output PASSED [100%]

============================= 235 passed in 16.54s =============================
