/private/tmp/cc-m4-final-verification.4l5I1p/head/src/contractcapsule/__init__.py
/private/tmp/cc-m4-final-verification.4l5I1p/head/src/contractcapsule/audit/__init__.py
/private/tmp/cc-m4-final-verification.4l5I1p/head/src/contractcapsule/audit/quarantine.py
/private/tmp/cc-m4-final-verification.4l5I1p/head/src/contractcapsule/build/__init__.py
/private/tmp/cc-m4-final-verification.4l5I1p/head/src/contractcapsule/build/atomize.py
/private/tmp/cc-m4-final-verification.4l5I1p/head/src/contractcapsule/build/ingest.py
/private/tmp/cc-m4-final-verification.4l5I1p/head/src/contractcapsule/build/publish.py
/private/tmp/cc-m4-final-verification.4l5I1p/head/src/contractcapsule/compile/__init__.py
/private/tmp/cc-m4-final-verification.4l5I1p/head/src/contractcapsule/compile/budget.py
/private/tmp/cc-m4-final-verification.4l5I1p/head/src/contractcapsule/compile/compiler.py
/private/tmp/cc-m4-final-verification.4l5I1p/head/src/contractcapsule/compile/errors.py
/private/tmp/cc-m4-final-verification.4l5I1p/head/src/contractcapsule/compile/evidence.py
/private/tmp/cc-m4-final-verification.4l5I1p/head/src/contractcapsule/compile/git_evidence.py
/private/tmp/cc-m4-final-verification.4l5I1p/head/src/contractcapsule/compile/manifest.py
/private/tmp/cc-m4-final-verification.4l5I1p/head/src/contractcapsule/compile/protocols.py
/private/tmp/cc-m4-final-verification.4l5I1p/head/src/contractcapsule/compile/renderers.py
/private/tmp/cc-m4-final-verification.4l5I1p/head/src/contractcapsule/compile/schema.py
/private/tmp/cc-m4-final-verification.4l5I1p/head/src/contractcapsule/compile/session.py
/private/tmp/cc-m4-final-verification.4l5I1p/head/src/contractcapsule/compile/validation.py
/private/tmp/cc-m4-final-verification.4l5I1p/head/src/contractcapsule/formal.py
/private/tmp/cc-m4-final-verification.4l5I1p/head/src/contractcapsule/models/__init__.py
/private/tmp/cc-m4-final-verification.4l5I1p/head/src/contractcapsule/models/base.py
/private/tmp/cc-m4-final-verification.4l5I1p/head/src/contractcapsule/models/canonical.py
/private/tmp/cc-m4-final-verification.4l5I1p/head/src/contractcapsule/models/core.py
/private/tmp/cc-m4-final-verification.4l5I1p/head/src/contractcapsule/models/schema.py
/private/tmp/cc-m4-final-verification.4l5I1p/head/src/contractcapsule/models/view.py
/private/tmp/cc-m4-final-verification.4l5I1p/head/src/contractcapsule/package.py
/private/tmp/cc-m4-final-verification.4l5I1p/head/src/contractcapsule/resolve/__init__.py
/private/tmp/cc-m4-final-verification.4l5I1p/head/src/contractcapsule/resolve/closure.py
/private/tmp/cc-m4-final-verification.4l5I1p/head/src/contractcapsule/resolve/conflicts.py
/private/tmp/cc-m4-final-verification.4l5I1p/head/src/contractcapsule/resolve/eligibility.py
/private/tmp/cc-m4-final-verification.4l5I1p/head/src/contractcapsule/resolve/graph.py
/private/tmp/cc-m4-final-verification.4l5I1p/head/src/contractcapsule/resolve/policies.py
/private/tmp/cc-m4-final-verification.4l5I1p/head/src/contractcapsule/resolve/rank.py
/private/tmp/cc-m4-final-verification.4l5I1p/head/src/contractcapsule/resolve/scope.py
/private/tmp/cc-m4-final-verification.4l5I1p/head/src/contractcapsule/resolve/versions.py
/private/tmp/cc-m4-final-verification.4l5I1p/head/src/contractcapsule/spec_lock.py
/private/tmp/cc-m4-final-verification.4l5I1p/head/src/contractcapsule/storage/__init__.py
/private/tmp/cc-m4-final-verification.4l5I1p/head/src/contractcapsule/storage/cas.py
/private/tmp/cc-m4-final-verification.4l5I1p/head/src/contractcapsule/storage/registry.py
/private/tmp/cc-m4-final-verification.4l5I1p/head/tests/__init__.py
/private/tmp/cc-m4-final-verification.4l5I1p/head/tests/fixtures/formal_cases/test_formal_cases.py
/private/tmp/cc-m4-final-verification.4l5I1p/head/tests/integration/__init__.py
/private/tmp/cc-m4-final-verification.4l5I1p/head/tests/integration/test_build_pipeline.py
/private/tmp/cc-m4-final-verification.4l5I1p/head/tests/integration/test_compile_view.py
/private/tmp/cc-m4-final-verification.4l5I1p/head/tests/m2_helpers.py
/private/tmp/cc-m4-final-verification.4l5I1p/head/tests/m4_helpers.py
/private/tmp/cc-m4-final-verification.4l5I1p/head/tests/property/__init__.py
/private/tmp/cc-m4-final-verification.4l5I1p/head/tests/property/test_immutability.py
/private/tmp/cc-m4-final-verification.4l5I1p/head/tests/security/test_trust_gate_remediation.py
/private/tmp/cc-m4-final-verification.4l5I1p/head/tests/security/test_trust_promotion.py
/private/tmp/cc-m4-final-verification.4l5I1p/head/tests/unit/__init__.py
/private/tmp/cc-m4-final-verification.4l5I1p/head/tests/unit/test_ai_usage_ledger.py
/private/tmp/cc-m4-final-verification.4l5I1p/head/tests/unit/test_budget.py
/private/tmp/cc-m4-final-verification.4l5I1p/head/tests/unit/test_cas.py
/private/tmp/cc-m4-final-verification.4l5I1p/head/tests/unit/test_dependency_closure.py
/private/tmp/cc-m4-final-verification.4l5I1p/head/tests/unit/test_eligibility.py
/private/tmp/cc-m4-final-verification.4l5I1p/head/tests/unit/test_evidence_handles.py
/private/tmp/cc-m4-final-verification.4l5I1p/head/tests/unit/test_lint_discovery.py
/private/tmp/cc-m4-final-verification.4l5I1p/head/tests/unit/test_models.py
/private/tmp/cc-m4-final-verification.4l5I1p/head/tests/unit/test_package_loader.py
/private/tmp/cc-m4-final-verification.4l5I1p/head/tests/unit/test_rank.py
/private/tmp/cc-m4-final-verification.4l5I1p/head/tests/unit/test_registry.py
/private/tmp/cc-m4-final-verification.4l5I1p/head/tests/unit/test_renderers.py
/private/tmp/cc-m4-final-verification.4l5I1p/head/tests/unit/test_schema_python_parity.py
/private/tmp/cc-m4-final-verification.4l5I1p/head/tests/unit/test_service_review_regressions.py
/private/tmp/cc-m4-final-verification.4l5I1p/head/tests/unit/test_source_ingestion_regression.py
/private/tmp/cc-m4-final-verification.4l5I1p/head/tests/unit/test_spec_lock.py
/private/tmp/cc-m4-final-verification.4l5I1p/head/tests/unit/test_versions.py
/private/tmp/cc-m4-final-verification.4l5I1p/head/tests/unit/test_view_models.py
