tests/fixtures/formal_cases/test_formal_cases.py::test_fixture_inventory_is_exactly_the_ten_frozen_formal_cases
tests/fixtures/formal_cases/test_formal_cases.py::test_formal_case_has_the_declared_fail_closed_outcome[failed_protected_invariant]
tests/fixtures/formal_cases/test_formal_cases.py::test_formal_case_has_the_declared_fail_closed_outcome[incompatible_interface]
tests/fixtures/formal_cases/test_formal_cases.py::test_formal_case_has_the_declared_fail_closed_outcome[irreversible_external_side_effect]
tests/fixtures/formal_cases/test_formal_cases.py::test_formal_case_has_the_declared_fail_closed_outcome[missing_mandatory_dependency]
tests/fixtures/formal_cases/test_formal_cases.py::test_formal_case_has_the_declared_fail_closed_outcome[p0_overflow]
tests/fixtures/formal_cases/test_formal_cases.py::test_formal_case_has_the_declared_fail_closed_outcome[safe_rollback]
tests/fixtures/formal_cases/test_formal_cases.py::test_formal_case_has_the_declared_fail_closed_outcome[stale_evidence]
tests/fixtures/formal_cases/test_formal_cases.py::test_formal_case_has_the_declared_fail_closed_outcome[unauthorized_capsule]
tests/fixtures/formal_cases/test_formal_cases.py::test_formal_case_has_the_declared_fail_closed_outcome[unresolved_conflict]
tests/fixtures/formal_cases/test_formal_cases.py::test_formal_case_has_the_declared_fail_closed_outcome[valid_replacement]
tests/fixtures/formal_cases/test_formal_cases.py::test_valid_replacement_closes_dependencies_and_preserves_exact_evidence
tests/fixtures/formal_cases/test_formal_cases.py::test_ineligible_capsule_is_never_ranked
tests/fixtures/formal_cases/test_formal_cases.py::test_interface_incompatible_capsule_is_never_ranked
tests/fixtures/formal_cases/test_formal_cases.py::test_unresolved_conflict_is_visible_in_the_compiled_view
tests/fixtures/formal_cases/test_formal_cases.py::test_safe_rollback_restores_the_prior_active_capsule
tests/fixtures/formal_cases/test_formal_cases.py::test_activation_outside_a_safe_boundary_preserves_the_old_capsule
tests/fixtures/formal_cases/test_formal_cases.py::test_missing_formal_evidence_is_a_well_formedness_failure
tests/fixtures/formal_cases/test_formal_cases.py::test_capsule_core_is_immutable
tests/fixtures/formal_cases/test_formal_cases.py::test_stripped_view_metadata_fails_closed
tests/fixtures/formal_cases/test_formal_cases.py::test_activation_rejects_a_view_compiled_for_no_candidate
tests/fixtures/formal_cases/test_formal_cases.py::test_activation_rejects_validation_for_a_different_view
tests/fixtures/formal_cases/test_formal_cases.py::test_validation_recomputes_graph_failures_from_capsules[missing_mandatory_dependency.json]
tests/fixtures/formal_cases/test_formal_cases.py::test_validation_recomputes_graph_failures_from_capsules[unresolved_conflict.json]
tests/fixtures/formal_cases/test_formal_cases.py::test_activation_binds_the_decision_to_the_compiled_task
tests/fixtures/formal_cases/test_formal_cases.py::test_activation_binds_reports_to_the_candidate_core
tests/fixtures/formal_cases/test_formal_cases.py::test_duplicate_atom_ids_fail_closed_before_budgeting
tests/fixtures/formal_cases/test_formal_cases.py::test_duplicate_evidence_ids_fail_closed
tests/fixtures/formal_cases/test_formal_cases.py::test_duplicate_atom_ids_across_compiled_capsules_fail_closed
tests/fixtures/formal_cases/test_formal_cases.py::test_unknown_compression_class_is_malformed_and_fail_closed
tests/integration/test_build_pipeline.py::test_snapshot_and_atomization_are_deterministic
tests/integration/test_build_pipeline.py::test_code_config_and_schema_use_deterministic_structural_parsers[module.py-class Service:\n    pass\n\ndef run() -> None:\n    pass\n-symbols0]
tests/integration/test_build_pipeline.py::test_code_config_and_schema_use_deterministic_structural_parsers[config.json-{"enabled":true,"timeout":15}\n-symbols1]
tests/integration/test_build_pipeline.py::test_code_config_and_schema_use_deterministic_structural_parsers[schema.yaml-type: object\nrequired:\n  - enabled\n-symbols2]
tests/integration/test_build_pipeline.py::test_source_structured_parsers_reject_duplicate_keys[duplicate.json-{"a":1,"a":2}\n]
tests/integration/test_build_pipeline.py::test_source_structured_parsers_reject_duplicate_keys[duplicate.yaml-a: 1\na: 2\n]
tests/integration/test_build_pipeline.py::test_git_binding_contains_commit_path_stable_heading_and_digests
tests/integration/test_build_pipeline.py::test_external_immutable_source_is_offline_but_fully_bound
tests/integration/test_build_pipeline.py::test_git_requires_full_commit_and_matching_repository_identity
tests/integration/test_build_pipeline.py::test_symlinked_source_is_rejected_before_snapshot
tests/integration/test_build_pipeline.py::test_source_drift_is_rejected_even_when_old_line_numbers_are_reused
tests/integration/test_build_pipeline.py::test_validated_atom_requires_binding_and_external_approval
tests/integration/test_build_pipeline.py::test_build_rejects_raw_candidate_and_accepts_only_validated_atoms
tests/integration/test_build_pipeline.py::test_formal_atom_requires_evidence
tests/integration/test_build_pipeline.py::test_summary_cannot_replace_evidence
tests/integration/test_build_pipeline.py::test_public_build_validate_publish_pipeline_has_no_draft_bypass
tests/integration/test_build_pipeline.py::test_public_pipeline_reuses_m2_cas_and_registry_authorization
tests/integration/test_build_pipeline.py::test_tampered_validated_atom_cannot_bypass_quarantine
tests/integration/test_build_pipeline.py::test_secret_content_is_rejected_before_storage_or_rendering
tests/integration/test_compile_view.py::test_locked_view_is_reproducible
tests/integration/test_compile_view.py::test_p0_miss_and_p1_dependency_are_mandatory
tests/integration/test_compile_view.py::test_mandatory_overflow_is_empty[0]
tests/integration/test_compile_view.py::test_mandatory_overflow_is_empty[1]
tests/integration/test_compile_view.py::test_mandatory_overflow_is_empty[100]
tests/integration/test_compile_view.py::test_collective_provider_payload_and_permutations
tests/integration/test_compile_view.py::test_replay_mismatch_does_not_return_content
tests/integration/test_compile_view.py::test_mismatched_configuration_blocks[model_id-other]
tests/integration/test_compile_view.py::test_mismatched_configuration_blocks[tokenizer_profile-other]
tests/integration/test_compile_view.py::test_mismatched_configuration_blocks[renderer_version-other]
tests/integration/test_compile_view.py::test_mismatched_configuration_blocks[runtime_config-value3]
tests/integration/test_compile_view.py::test_denied_member_never_reaches_ranker
tests/integration/test_compile_view.py::test_schema_is_independent_and_reproducible
tests/integration/test_compile_view.py::test_exact_budget_boundary_and_p1_overflow
tests/integration/test_compile_view.py::test_optional_group_exclusion_preserves_mandatory_content
tests/integration/test_compile_view.py::test_mandatory_graph_failures_and_cycles[missing]
tests/integration/test_compile_view.py::test_mandatory_graph_failures_and_cycles[conflict]
tests/integration/test_compile_view.py::test_mandatory_graph_failures_and_cycles[cycle]
tests/integration/test_compile_view.py::test_malformed_ranker_results_fail_closed[drop]
tests/integration/test_compile_view.py::test_malformed_ranker_results_fail_closed[change]
tests/integration/test_compile_view.py::test_malformed_ranker_results_fail_closed[duplicate]
tests/integration/test_compile_view.py::test_malformed_ranker_results_fail_closed[nan]
tests/integration/test_compile_view.py::test_malformed_ranker_results_fail_closed[raise]
tests/integration/test_compile_view.py::test_evidence_integrity_checked_before_ranker
tests/integration/test_compile_view.py::test_expansion_is_reauthorized_and_inside_budget[GIT_IMMUTABLE]
tests/integration/test_compile_view.py::test_expansion_is_reauthorized_and_inside_budget[EXTERNAL_IMMUTABLE]
tests/integration/test_compile_view.py::test_unknown_expansion_blocks
tests/integration/test_compile_view.py::test_changed_permissions_never_replay_old_view
tests/integration/test_compile_view.py::test_secret_task_metadata_is_not_echoed
tests/integration/test_compile_view.py::test_policy_snapshot_change_during_ranking_blocks
tests/integration/test_compile_view.py::test_service_snapshot_change_during_ranking_blocks
tests/integration/test_compile_view.py::test_final_renderer_cannot_drop_p0
tests/integration/test_compile_view.py::test_declared_runtime_configuration_is_strict_before_serialization
tests/integration/test_compile_view.py::test_singleton_interface_gate_matches_m1[provides0-required0-True]
tests/integration/test_compile_view.py::test_singleton_interface_gate_matches_m1[provides1-required1-False]
tests/integration/test_compile_view.py::test_singleton_interface_gate_matches_m1[provides2-required2-False]
tests/integration/test_compile_view.py::test_singleton_interface_gate_matches_m1[provides3-required3-True]
tests/integration/test_compile_view.py::test_required_whole_provider_cannot_drop_lower_class_member
tests/integration/test_compile_view.py::test_unusable_root_provider_blocks_before_ranker[missing]
tests/integration/test_compile_view.py::test_unusable_root_provider_blocks_before_ranker[denied_member]
tests/integration/test_compile_view.py::test_unusable_root_provider_blocks_before_ranker[ambiguous]
tests/integration/test_compile_view.py::test_b_c_and_publication_time_do_not_change_replay
tests/integration/test_compile_view.py::test_task_change_preserves_schema_and_p0_prefix
tests/integration/test_compile_view.py::test_revocation_at_expansion_blocks_and_hides_raw_error
tests/integration/test_compile_view.py::test_operational_faults_return_safe_invalid_view[scanner]
tests/integration/test_compile_view.py::test_operational_faults_return_safe_invalid_view[evidence]
tests/integration/test_compile_view.py::test_operational_faults_return_safe_invalid_view[counter]
tests/integration/test_compile_view.py::test_injected_evidence_must_share_admission_context
tests/integration/test_compile_view.py::test_changed_external_blob_is_rejected_before_ranking
tests/integration/test_compile_view.py::test_admitted_excluded_atom_retains_decision_without_capsule_identity
tests/integration/test_compile_view.py::test_dependency_witness_is_only_reported_when_realized
tests/integration/test_compile_view.py::test_ranker_cannot_leak_mutated_task_through_failure
tests/integration/test_compile_view.py::test_malformed_native_material_is_rejected_before_ranking[evidence_id]
tests/integration/test_compile_view.py::test_malformed_native_material_is_rejected_before_ranking[atom_ids]
tests/integration/test_compile_view.py::test_revocation_after_last_native_read_blocks_output
tests/property/test_immutability.py::test_digest_is_deterministic_for_generated_statements
tests/property/test_immutability.py::test_core_statement_change_is_digest_sensitive
tests/property/test_immutability.py::test_derived_artifact_changes_do_not_affect_identity
tests/property/test_immutability.py::test_model_remains_immutable_for_generated_replacements
tests/property/test_immutability.py::test_exact_republication_never_mutates_the_record
tests/property/test_immutability.py::test_same_version_conflict_always_fails_closed
tests/security/test_trust_gate_remediation.py::test_direct_registry_publish_rejects_m3_p1_without_trust_proof
tests/security/test_trust_gate_remediation.py::test_direct_registry_publish_rejects_unmarked_p1_without_trust_proof
tests/security/test_trust_gate_remediation.py::test_configured_registry_rejects_p1_when_m3_marker_is_stripped
tests/security/test_trust_gate_remediation.py::test_direct_registry_publish_rejects_unmarked_p0_without_trust_proof
tests/security/test_trust_gate_remediation.py::test_real_p0_evidence_approval_promotion_loader_registry_path_succeeds
tests/security/test_trust_gate_remediation.py::test_p0_old_permit_cannot_target_a_changed_version
tests/security/test_trust_gate_remediation.py::test_publish_draft_rejects_unpromoted_draft_even_with_loader_shape
tests/security/test_trust_gate_remediation.py::test_publish_draft_rejects_non_registry_publication_sink
tests/security/test_trust_gate_remediation.py::test_publish_draft_requires_loader_attestation_not_a_copyable_receipt
tests/security/test_trust_gate_remediation.py::test_forged_loader_receipt_cannot_mint_attestation_without_loader_pass
tests/security/test_trust_gate_remediation.py::test_ephemeral_build_retains_loader_package_for_final_revalidation
tests/security/test_trust_gate_remediation.py::test_final_publish_rejects_missing_loader_package
tests/security/test_trust_gate_remediation.py::test_final_publish_rejects_unloaded_detached_signature_variant
tests/security/test_trust_gate_remediation.py::test_build_rejects_secret_in_serialized_signature_envelope
tests/security/test_trust_gate_remediation.py::test_public_permit_requires_loader_attestation
tests/security/test_trust_gate_remediation.py::test_manual_publication_permit_without_quarantine_issuer_is_rejected
tests/security/test_trust_gate_remediation.py::test_allow_all_verifier_cannot_be_installed_as_a_trust_root
tests/security/test_trust_gate_remediation.py::test_approval_set_is_part_of_trust_root_identity
tests/security/test_trust_gate_remediation.py::test_subclassed_verifier_cannot_cross_quarantine_composition_boundary
tests/security/test_trust_gate_remediation.py::test_final_gate_rejects_unknown_secret_scanner_profile
tests/security/test_trust_gate_remediation.py::test_final_gate_rechecks_approval_is_external_to_source_principal
tests/security/test_trust_gate_remediation.py::test_default_quarantine_store_cannot_be_replaced_twice
tests/security/test_trust_gate_remediation.py::test_default_quarantine_store_cannot_be_initialized_by_public_caller
tests/security/test_trust_gate_remediation.py::test_git_source_proof_requires_verified_repository_root
tests/security/test_trust_gate_remediation.py::test_generated_false_external_source_remains_t3
tests/security/test_trust_gate_remediation.py::test_generated_false_caller_cas_source_remains_t3
tests/security/test_trust_gate_remediation.py::test_uncomposed_git_source_cannot_self_promote_to_t2
tests/security/test_trust_gate_remediation.py::test_generated_false_git_input_needs_trusted_collector_for_t2
tests/security/test_trust_gate_remediation.py::test_snapshot_identity_cannot_be_rebound_to_another_principal
tests/security/test_trust_gate_remediation.py::test_final_registry_reloads_unchanged_authoritative_git_object
tests/security/test_trust_gate_remediation.py::test_final_registry_rejects_authoritative_git_identity_drift_after_permit
tests/security/test_trust_gate_remediation.py::test_final_publish_rejects_candidate_content_change_with_old_permit
tests/security/test_trust_gate_remediation.py::test_final_publish_rejects_evidence_replacement_with_old_permit
tests/security/test_trust_gate_remediation.py::test_final_publish_rejects_detached_signature_change_with_old_loader_proof
tests/security/test_trust_gate_remediation.py::test_final_publish_rejects_false_trust_level_even_with_new_permit
tests/security/test_trust_gate_remediation.py::test_final_publish_rejects_expired_approval_after_build
tests/security/test_trust_gate_remediation.py::test_final_publish_rejects_capsule_or_version_replay_of_old_permit
tests/security/test_trust_gate_remediation.py::test_secret_scanner_failure_at_final_publish_is_fail_closed
tests/security/test_trust_gate_remediation.py::test_direct_validated_atom_construction_cannot_create_publish_permit
tests/security/test_trust_gate_remediation.py::test_valid_m3_build_publish_path_uses_registry_trust_root
tests/security/test_trust_gate_remediation.py::test_m3_attestation_denormalized_principal_tamper_is_rejected
tests/security/test_trust_gate_remediation.py::test_m3_attestation_rejects_persisted_detached_signature_tamper
tests/security/test_trust_gate_remediation.py::test_m3_attestation_all_trust_bindings_are_immutable
tests/security/test_trust_gate_remediation.py::test_generated_candidate_with_evidence_and_human_approval_can_publish
tests/security/test_trust_promotion.py::test_generated_observation_is_quarantined
tests/security/test_trust_promotion.py::test_forged_or_mismatched_approval_fails_closed
tests/security/test_trust_promotion.py::test_approval_signature_tampering_fails_closed
tests/security/test_trust_promotion.py::test_expired_approval_fails_closed
tests/security/test_trust_promotion.py::test_missing_evidence_cannot_promote_p0_or_p1[P0_EXACT]
tests/security/test_trust_promotion.py::test_missing_evidence_cannot_promote_p0_or_p1[P1_STRUCTURED]
tests/security/test_trust_promotion.py::test_approval_cannot_be_self_issued_without_trusted_authority
tests/security/test_trust_promotion.py::test_secret_scan_is_repeated_before_evidence_rendering
tests/security/test_trust_promotion.py::test_quarantine_store_exposes_verify_only_boundary
tests/unit/test_ai_usage_ledger.py::test_ai_usage_ledger_is_jsonl_with_required_fields_and_frozen_enums
tests/unit/test_budget.py::test_locked_profile_counts_real_tokens[hello world-2]
tests/unit/test_budget.py::test_locked_profile_counts_real_tokens[hel-1]
tests/unit/test_budget.py::test_locked_profile_counts_real_tokens[lo-1]
tests/unit/test_budget.py::test_locked_profile_counts_real_tokens[hello-1]
tests/unit/test_budget.py::test_locked_profile_counts_real_tokens[-0]
tests/unit/test_budget.py::test_locked_profile_counts_real_tokens[<|endoftext|>-7]
tests/unit/test_budget.py::test_locked_profile_counts_real_tokens[\u5408\u540c\u80f6\u56ca-4]
tests/unit/test_budget.py::test_full_count_includes_nonadditive_section_boundary
tests/unit/test_budget.py::test_attempted_overbudget_accounting_is_not_silently_truncated
tests/unit/test_budget.py::test_counter_configuration_is_immutable_and_model_bound
tests/unit/test_budget.py::test_resources_fail_without_network_or_repair[missing-o200k_base.profile.json]
tests/unit/test_budget.py::test_resources_fail_without_network_or_repair[missing-o200k_base.tiktoken]
tests/unit/test_budget.py::test_resources_fail_without_network_or_repair[corrupt-o200k_base.profile.json]
tests/unit/test_budget.py::test_resources_fail_without_network_or_repair[corrupt-o200k_base.tiktoken]
tests/unit/test_budget.py::test_resources_fail_without_network_or_repair[symlink-o200k_base.profile.json]
tests/unit/test_budget.py::test_resources_fail_without_network_or_repair[symlink-o200k_base.tiktoken]
tests/unit/test_budget.py::test_healthy_counter_never_uses_tiktoken_downloading_registry
tests/unit/test_budget.py::test_runtime_library_mismatch_blocks
tests/unit/test_budget.py::test_invalid_text_is_not_lossily_repaired
tests/unit/test_budget.py::test_counter_results_must_be_nonnegative_strict_integers[True]
tests/unit/test_budget.py::test_counter_results_must_be_nonnegative_strict_integers[-1]
tests/unit/test_budget.py::test_counter_results_must_be_nonnegative_strict_integers[1.5]
tests/unit/test_budget.py::test_counter_results_must_be_nonnegative_strict_integers[3]
tests/unit/test_budget.py::test_duplicate_section_names_are_rejected
tests/unit/test_budget.py::test_p0_overflow_fails_closed
tests/unit/test_cas.py::test_identical_bytes_have_same_digest_and_duplicate_write_is_idempotent
tests/unit/test_cas.py::test_same_bytes_with_different_media_type_is_immutable_conflict
tests/unit/test_cas.py::test_put_does_not_grant_read_and_default_is_deny
tests/unit/test_cas.py::test_non_boolean_authorizer_result_fails_closed
tests/unit/test_cas.py::test_authorized_read_revalidates_content_and_detects_tamper
tests/unit/test_cas.py::test_invalid_digest_never_reaches_filesystem[../secret]
tests/unit/test_cas.py::test_invalid_digest_never_reaches_filesystem[sha256:abc]
tests/unit/test_cas.py::test_invalid_digest_never_reaches_filesystem[SHA256:aaaaaaaaaaaaaaaaaaaaaaaaaaaaaaaaaaaaaaaaaaaaaaaaaaaaaaaaaaaaaaaa]
tests/unit/test_cas.py::test_existing_corrupt_object_is_never_overwritten
tests/unit/test_cas.py::test_concurrent_writes_publish_one_complete_object
tests/unit/test_cas.py::test_failed_atomic_commit_leaves_no_visible_object
tests/unit/test_cas.py::test_post_link_commit_failure_removes_newly_linked_object
tests/unit/test_cas.py::test_concurrent_writer_cannot_observe_an_uncommitted_link
tests/unit/test_cas.py::test_atomic_commit_implementation_does_not_use_overwrite_replace
tests/unit/test_cas.py::test_noncanonical_or_duplicate_cas_header_is_treated_as_tamper
tests/unit/test_cas.py::test_unknown_canonical_cas_header_field_is_treated_as_tamper
tests/unit/test_cas.py::test_symlinked_internal_storage_directory_is_rejected
tests/unit/test_cas.py::test_symlinked_digest_prefix_cannot_redirect_a_write
tests/unit/test_dependency_closure.py::test_selected_set_is_closed
tests/unit/test_dependency_closure.py::test_optional_and_metadata_edges_never_force_membership
tests/unit/test_dependency_closure.py::test_conflicts_are_symmetric_deduplicated_and_include_self
tests/unit/test_dependency_closure.py::test_collective_roots_force_complete_payload_not_metadata
tests/unit/test_dependency_closure.py::test_partial_and_zero_atom_providers_are_unusable
tests/unit/test_dependency_closure.py::test_unrelated_lock_cannot_choose_ambiguous_root
tests/unit/test_dependency_closure.py::test_consumer_lock_and_release_not_interface_version
tests/unit/test_dependency_closure.py::test_consumer_lock_is_exact_and_owned[missing]
tests/unit/test_dependency_closure.py::test_consumer_lock_is_exact_and_owned[digest]
tests/unit/test_dependency_closure.py::test_consumer_lock_is_exact_and_owned[version]
tests/unit/test_dependency_closure.py::test_consumer_lock_is_exact_and_owned[wrong-consumer]
tests/unit/test_dependency_closure.py::test_atom_requirement_does_not_force_siblings
tests/unit/test_dependency_closure.py::test_reachable_missing_requirement_is_safe
tests/unit/test_dependency_closure.py::test_competing_versions_conflict_only_when_selected
tests/unit/test_dependency_closure.py::test_different_duplicate_atom_content_is_rejected
tests/unit/test_dependency_closure.py::test_graph_input_permutations_are_stable
tests/unit/test_dependency_closure.py::test_capsule_edge_chooses_only_consumer_locked_release
tests/unit/test_dependency_closure.py::test_unknown_dotted_target_remains_a_missing_obligation
tests/unit/test_dependency_closure.py::test_invalid_explicit_edges_fail_safely[graph_edge0-INVALID_GRAPH]
tests/unit/test_dependency_closure.py::test_invalid_explicit_edges_fail_safely[graph_edge1-INVALID_GRAPH]
tests/unit/test_dependency_closure.py::test_invalid_explicit_edges_fail_safely[graph_edge2-INVALID_VERSION_CONSTRAINT]
tests/unit/test_dependency_closure.py::test_invalid_explicit_edges_fail_safely[graph_edge3-INVALID_VERSION_CONSTRAINT]
tests/unit/test_dependency_closure.py::test_invalid_explicit_edges_fail_safely[graph_edge4-MISSING_DEPENDENCY]
tests/unit/test_dependency_closure.py::test_atom_capsule_name_collision_is_not_guessed
tests/unit/test_dependency_closure.py::test_reserved_atom_namespace_is_rejected
tests/unit/test_dependency_closure.py::test_capsule_conflict_is_realized_by_dependency_owner
tests/unit/test_dependency_closure.py::test_same_capsule_atom_cycle_merges_inline_and_explicit_edges
tests/unit/test_dependency_closure.py::test_unadmitted_dependency_is_not_dropped_or_disclosed
tests/unit/test_dependency_closure.py::test_optional_unknown_target_does_not_force_or_conflict
tests/unit/test_dependency_closure.py::test_singleton_interface_gate[required0-True]
tests/unit/test_dependency_closure.py::test_singleton_interface_gate[required1-True]
tests/unit/test_dependency_closure.py::test_singleton_interface_gate[required2-False]
tests/unit/test_dependency_closure.py::test_singleton_interface_gate[required3-False]
tests/unit/test_dependency_closure.py::test_identical_duplicate_retains_all_real_publication_owners
tests/unit/test_dependency_closure.py::test_duplicate_full_content_not_only_statement[extensions-value0]
tests/unit/test_dependency_closure.py::test_duplicate_full_content_not_only_statement[requires_atoms-value1]
tests/unit/test_dependency_closure.py::test_duplicate_full_content_not_only_statement[conflicts_with-value2]
tests/unit/test_dependency_closure.py::test_zero_admitted_root_payload_is_unusable
tests/unit/test_dependency_closure.py::test_partial_dependency_provider_blocks_before_selection
tests/unit/test_dependency_closure.py::test_required_atom_missing_is_safe
tests/unit/test_dependency_closure.py::test_multiple_locked_dependency_providers_still_ambiguous
tests/unit/test_dependency_closure.py::test_invalid_manifest_declaration_is_safe[requires-auth@^1]
tests/unit/test_dependency_closure.py::test_invalid_manifest_declaration_is_safe[conflicts-auth@]
tests/unit/test_dependency_closure.py::test_invalid_manifest_declaration_is_safe[conflicts-auth]
tests/unit/test_dependency_closure.py::test_cross_capsule_atom_dependency_requires_lock
tests/unit/test_dependency_closure.py::test_capsule_self_cycle_forces_payload_and_terminates
tests/unit/test_dependency_closure.py::test_partial_capsule_target_cannot_be_required
tests/unit/test_dependency_closure.py::test_deduplicated_atom_conflict_matches_any_selected_owner
tests/unit/test_dependency_closure.py::test_capsule_edge_selects_only_complete_locked_unit
tests/unit/test_eligibility.py::test_path_matching_is_anchored_segment_globbing[src/auth/**-src/auth-True]
tests/unit/test_eligibility.py::test_path_matching_is_anchored_segment_globbing[src/**/token.py-src/token.py-True]
tests/unit/test_eligibility.py::test_path_matching_is_anchored_segment_globbing[**/token.py-token.py-True]
tests/unit/test_eligibility.py::test_path_matching_is_anchored_segment_globbing[src/*/token.py-src/auth/token.py-True]
tests/unit/test_eligibility.py::test_path_matching_is_anchored_segment_globbing[src/*/token.py-src/auth/deep/token.py-False]
tests/unit/test_eligibility.py::test_path_matching_is_anchored_segment_globbing[src/auth-src/auth/token.py-False]
tests/unit/test_eligibility.py::test_path_matching_is_anchored_segment_globbing[src/auth/**-prefix/src/auth/token.py-False]
tests/unit/test_eligibility.py::test_path_matching_is_anchored_segment_globbing[src/auth/**-src/authentication/token.py-False]
tests/unit/test_eligibility.py::test_path_matching_is_anchored_segment_globbing[src/*.py-src/a.PY-False]
tests/unit/test_eligibility.py::test_path_matching_is_anchored_segment_globbing[src/a*b*c.py-src/abc.py-True]
tests/unit/test_eligibility.py::test_invalid_scope_patterns_fail_closed[]
tests/unit/test_eligibility.py::test_invalid_scope_patterns_fail_closed[/src]
tests/unit/test_eligibility.py::test_invalid_scope_patterns_fail_closed[C:src]
tests/unit/test_eligibility.py::test_invalid_scope_patterns_fail_closed[src\\a]
tests/unit/test_eligibility.py::test_invalid_scope_patterns_fail_closed[src\x00a]
tests/unit/test_eligibility.py::test_invalid_scope_patterns_fail_closed[src/./a]
tests/unit/test_eligibility.py::test_invalid_scope_patterns_fail_closed[../a]
tests/unit/test_eligibility.py::test_invalid_scope_patterns_fail_closed[src//a]
tests/unit/test_eligibility.py::test_invalid_scope_patterns_fail_closed[src/]
tests/unit/test_eligibility.py::test_invalid_scope_patterns_fail_closed[src/?.py]
tests/unit/test_eligibility.py::test_invalid_scope_patterns_fail_closed[src/[ab].py]
tests/unit/test_eligibility.py::test_invalid_scope_patterns_fail_closed[src/a**b]
tests/unit/test_eligibility.py::test_invalid_scope_patterns_fail_closed[***]
tests/unit/test_eligibility.py::test_paths_validate_all_entries_even_after_a_match
tests/unit/test_eligibility.py::test_atom_scope_dimensions_are_anded_and_values_ored
tests/unit/test_eligibility.py::test_unknown_or_malformed_atom_selectors_deny[scope0]
tests/unit/test_eligibility.py::test_unknown_or_malformed_atom_selectors_deny[scope1]
tests/unit/test_eligibility.py::test_unknown_or_malformed_atom_selectors_deny[scope2]
tests/unit/test_eligibility.py::test_unknown_or_malformed_atom_selectors_deny[scope3]
tests/unit/test_eligibility.py::test_deep_scope_matching_does_not_recurse_or_expand_exponentially
tests/unit/test_eligibility.py::test_real_registry_publication_is_read_and_admitted
tests/unit/test_eligibility.py::test_forged_publication_projection_is_rejected[statement]
tests/unit/test_eligibility.py::test_forged_publication_projection_is_rejected[signature]
tests/unit/test_eligibility.py::test_forged_publication_projection_is_rejected[digest]
tests/unit/test_eligibility.py::test_forged_publication_projection_is_rejected[status]
tests/unit/test_eligibility.py::test_registry_access_is_required_even_when_runtime_policy_grants
tests/unit/test_eligibility.py::test_capsule_scope_and_tenant_gates_deny[changes0]
tests/unit/test_eligibility.py::test_capsule_scope_and_tenant_gates_deny[changes1]
tests/unit/test_eligibility.py::test_capsule_scope_and_tenant_gates_deny[changes2]
tests/unit/test_eligibility.py::test_capsule_scope_and_tenant_gates_deny[changes3]
tests/unit/test_eligibility.py::test_default_policy_and_freshness_deny
tests/unit/test_eligibility.py::test_grant_fragments_cannot_be_unioned
tests/unit/test_eligibility.py::test_explicit_grant_dimensions_are_all_required[change0]
tests/unit/test_eligibility.py::test_explicit_grant_dimensions_are_all_required[change1]
tests/unit/test_eligibility.py::test_explicit_grant_dimensions_are_all_required[change2]
tests/unit/test_eligibility.py::test_explicit_grant_dimensions_are_all_required[change3]
tests/unit/test_eligibility.py::test_explicit_grant_dimensions_are_all_required[change4]
tests/unit/test_eligibility.py::test_explicit_grant_dimensions_are_all_required[change5]
tests/unit/test_eligibility.py::test_policy_digest_binds_grants_principal_and_task
tests/unit/test_eligibility.py::test_policy_malformed_or_exception_denies_without_message_leak[1]
tests/unit/test_eligibility.py::test_policy_malformed_or_exception_denies_without_message_leak[yes]
tests/unit/test_eligibility.py::test_policy_malformed_or_exception_denies_without_message_leak[None]
tests/unit/test_eligibility.py::test_policy_malformed_or_exception_denies_without_message_leak[decision3]
tests/unit/test_eligibility.py::test_individual_atom_scope_does_not_export_denied_identity
tests/unit/test_eligibility.py::test_atom_validity_dates_are_inclusive
tests/unit/test_eligibility.py::test_local_interface_compatibility_is_not_collective_coverage[provided0-required0-True]
tests/unit/test_eligibility.py::test_local_interface_compatibility_is_not_collective_coverage[provided1-required1-True]
tests/unit/test_eligibility.py::test_local_interface_compatibility_is_not_collective_coverage[provided2-required2-False]
tests/unit/test_eligibility.py::test_local_interface_compatibility_is_not_collective_coverage[provided3-required3-True]
tests/unit/test_eligibility.py::test_local_interface_compatibility_is_not_collective_coverage[provided4-required4-False]
tests/unit/test_eligibility.py::test_local_interface_compatibility_is_not_collective_coverage[provided5-required5-False]
tests/unit/test_eligibility.py::test_local_interface_compatibility_is_not_collective_coverage[provided6-required6-False]
tests/unit/test_eligibility.py::test_local_interface_compatibility_is_not_collective_coverage[provided7-required7-False]
tests/unit/test_eligibility.py::test_freshness_exact_binding_and_time_window
tests/unit/test_eligibility.py::test_freshness_rejects_duplicate_and_reversed_records
tests/unit/test_eligibility.py::test_freshness_atom_checks_only_referenced_evidence
tests/unit/test_eligibility.py::test_p4_ttl_expiry_is_not_revived_by_freshness_attestation
tests/unit/test_eligibility.py::test_resolve_is_stable_and_deduplicates_identical_projection
tests/unit/test_eligibility.py::test_conflicting_duplicate_identity_does_not_admit_either
tests/unit/test_eligibility.py::test_policy_snapshot_change_fails_closed
tests/unit/test_eligibility.py::test_invalid_snapshot_metadata_fails_closed[not-a-digest]
tests/unit/test_eligibility.py::test_invalid_snapshot_metadata_fails_closed[sha256:xxxxxxxxxxxxxxxxxxxxxxxxxxxxxxxxxxxxxxxxxxxxxxxxxxxxxxxxxxxxxxxx]
tests/unit/test_eligibility.py::test_resolver_configuration_is_explicit_and_validated
tests/unit/test_eligibility.py::test_permission_snapshot_normalizes_semantic_grant_sets
tests/unit/test_eligibility.py::test_forged_principal_and_task_copies_fail_closed
tests/unit/test_eligibility.py::test_freshness_malformed_or_exception_denies_safely[1]
tests/unit/test_eligibility.py::test_freshness_malformed_or_exception_denies_safely[fresh]
tests/unit/test_eligibility.py::test_freshness_malformed_or_exception_denies_safely[None]
tests/unit/test_eligibility.py::test_freshness_malformed_or_exception_denies_safely[decision3]
tests/unit/test_eligibility.py::test_freshness_snapshot_change_blocks_entire_result
tests/unit/test_eligibility.py::test_invalid_service_version_is_not_accepted
tests/unit/test_eligibility.py::test_authorization_gate_precedes_freshness_and_does_not_call_denied_atoms
tests/unit/test_eligibility.py::test_atom_security_gates_leave_full_payload_but_no_denied_id[change0]
tests/unit/test_eligibility.py::test_atom_security_gates_leave_full_payload_but_no_denied_id[change1]
tests/unit/test_eligibility.py::test_atom_security_gates_leave_full_payload_but_no_denied_id[change2]
tests/unit/test_eligibility.py::test_snapshot_digest_includes_resolver_sensitivity_and_time
tests/unit/test_eligibility.py::test_recorded_freshness_never_uses_a_validation_flag_as_attestation
tests/unit/test_eligibility.py::test_resolver_rechecks_registry_integrity_after_publication
tests/unit/test_eligibility.py::test_scope_type_errors_are_safe_compile_errors[scope0]
tests/unit/test_eligibility.py::test_scope_type_errors_are_safe_compile_errors[scope1]
tests/unit/test_eligibility.py::test_scope_type_errors_are_safe_compile_errors[scope2]
tests/unit/test_eligibility.py::test_signature_value_change_with_unchanged_core_digest_is_rejected
tests/unit/test_eligibility.py::test_atom_and_capsule_scope_require_the_same_task_path[atom_scope0-expected_ids0-eligible]
tests/unit/test_eligibility.py::test_atom_and_capsule_scope_require_the_same_task_path[atom_scope0-expected_ids0-resolve]
tests/unit/test_eligibility.py::test_atom_and_capsule_scope_require_the_same_task_path[atom_scope1-expected_ids1-eligible]
tests/unit/test_eligibility.py::test_atom_and_capsule_scope_require_the_same_task_path[atom_scope1-expected_ids1-resolve]
tests/unit/test_eligibility.py::test_atom_and_capsule_scope_require_the_same_task_path[atom_scope2-expected_ids2-eligible]
tests/unit/test_eligibility.py::test_atom_and_capsule_scope_require_the_same_task_path[atom_scope2-expected_ids2-resolve]
tests/unit/test_eligibility.py::test_scope_narrowing_preserves_original_authorization_task
tests/unit/test_eligibility.py::test_mixed_malformed_publication_identity_preserves_valid_admission[capsule_id-False]
tests/unit/test_eligibility.py::test_mixed_malformed_publication_identity_preserves_valid_admission[capsule_id-True]
tests/unit/test_eligibility.py::test_mixed_malformed_publication_identity_preserves_valid_admission[version-False]
tests/unit/test_eligibility.py::test_mixed_malformed_publication_identity_preserves_valid_admission[version-True]
tests/unit/test_eligibility.py::test_mixed_malformed_publication_identity_preserves_valid_admission[inner_capsule-False]
tests/unit/test_eligibility.py::test_mixed_malformed_publication_identity_preserves_valid_admission[inner_capsule-True]
tests/unit/test_eligibility.py::test_ineligible_atom_never_reaches_ranker
tests/unit/test_evidence_handles.py::test_real_cas_excerpt_and_expansion_are_exact
tests/unit/test_evidence_handles.py::test_current_permissions_are_rechecked_on_expansion
tests/unit/test_evidence_handles.py::test_handle_tampering_is_rejected[content_digest]
tests/unit/test_evidence_handles.py::test_handle_tampering_is_rejected[span_digest]
tests/unit/test_evidence_handles.py::test_handle_tampering_is_rejected[resolver_version]
tests/unit/test_evidence_handles.py::test_handle_tampering_is_rejected[atom_ids]
tests/unit/test_evidence_handles.py::test_wrong_atom_does_not_reuse_a_valid_publication
tests/unit/test_evidence_handles.py::test_verified_core_with_unresolvable_source_span_is_rejected[span_digest]
tests/unit/test_evidence_handles.py::test_verified_core_with_unresolvable_source_span_is_rejected[span_lines]
tests/unit/test_evidence_handles.py::test_native_modes_resolve_exact_bytes_without_network[GIT_IMMUTABLE]
tests/unit/test_evidence_handles.py::test_native_modes_resolve_exact_bytes_without_network[EXTERNAL_IMMUTABLE]
tests/unit/test_evidence_handles.py::test_unknown_external_mapping_never_fetches
tests/unit/test_evidence_handles.py::test_cas_tamper_after_handle_creation_blocks_expansion
tests/unit/test_evidence_handles.py::test_source_config_is_copied_and_symlink_source_rejected
tests/unit/test_evidence_handles.py::test_missing_git_root_and_changed_repository_identity_block
tests/unit/test_evidence_handles.py::test_scanner_fault_prevents_material_return
tests/unit/test_evidence_handles.py::test_legacy_cas_without_span_map_uses_exact_full_blob
tests/unit/test_evidence_handles.py::test_external_full_blob_drift_blocks_even_when_excerpt_is_unchanged
tests/unit/test_lint_discovery.py::test_builder_diagnostic_is_found_but_root_build_is_ignored[False]
tests/unit/test_lint_discovery.py::test_builder_diagnostic_is_found_but_root_build_is_ignored[True]
tests/unit/test_lint_discovery.py::test_directory_discovery_covers_independent_python_inventory
tests/unit/test_models.py::test_all_seven_core_modules_are_required_and_valid
tests/unit/test_models.py::test_security_critical_fields_have_no_defaults[control_manifest-authority]
tests/unit/test_models.py::test_security_critical_fields_have_no_defaults[semantic_payload-atoms]
tests/unit/test_models.py::test_security_critical_fields_have_no_defaults[evidence_plane-records]
tests/unit/test_models.py::test_security_critical_fields_have_no_defaults[dependency_graph-edges]
tests/unit/test_models.py::test_security_critical_fields_have_no_defaults[replacement_contract-protected_invariants]
tests/unit/test_models.py::test_security_critical_fields_have_no_defaults[compression_policy-classes]
tests/unit/test_models.py::test_security_critical_fields_have_no_defaults[tests_integrity-lock]
tests/unit/test_models.py::test_invalid_enums_version_and_digest_fail_closed[path0-MAYBE]
tests/unit/test_models.py::test_invalid_enums_version_and_digest_fail_closed[path1-v2]
tests/unit/test_models.py::test_invalid_enums_version_and_digest_fail_closed[path2-abc]
tests/unit/test_models.py::test_invalid_enums_version_and_digest_fail_closed[path3-P5]
tests/unit/test_models.py::test_invalid_enums_version_and_digest_fail_closed[path4-LOCAL]
tests/unit/test_models.py::test_unknown_fields_are_rejected_but_namespaced_extensions_are_allowed
tests/unit/test_models.py::test_models_are_deeply_immutable
tests/unit/test_models.py::test_static_capsule_schema_and_python_model_accept_the_same_valid_object
tests/unit/test_models.py::test_all_static_schema_documents_exactly_match_the_python_models
tests/unit/test_models.py::test_static_schema_and_python_model_both_reject_missing_module[control_manifest]
tests/unit/test_models.py::test_static_schema_and_python_model_both_reject_missing_module[semantic_payload]
tests/unit/test_models.py::test_static_schema_and_python_model_both_reject_missing_module[evidence_plane]
tests/unit/test_models.py::test_static_schema_and_python_model_both_reject_missing_module[dependency_graph]
tests/unit/test_models.py::test_static_schema_and_python_model_both_reject_missing_module[replacement_contract]
tests/unit/test_models.py::test_static_schema_and_python_model_both_reject_missing_module[compression_policy]
tests/unit/test_models.py::test_static_schema_and_python_model_both_reject_missing_module[tests_integrity]
tests/unit/test_models.py::test_schema_and_python_share_representative_semantic_constraints[<lambda>0]
tests/unit/test_models.py::test_schema_and_python_share_representative_semantic_constraints[<lambda>1]
tests/unit/test_models.py::test_schema_and_python_share_representative_semantic_constraints[<lambda>2]
tests/unit/test_models.py::test_schema_and_python_share_representative_semantic_constraints[<lambda>3]
tests/unit/test_models.py::test_schema_and_python_share_representative_semantic_constraints[<lambda>4]
tests/unit/test_models.py::test_authoritative_schema_validation_includes_cross_record_invariants
tests/unit/test_models.py::test_digest_is_deterministic_formatted_and_independent_of_declared_digest
tests/unit/test_models.py::test_every_representative_core_change_changes_identity[path0-other-authority]
tests/unit/test_models.py::test_every_representative_core_change_changes_identity[path1-src/security/**]
tests/unit/test_models.py::test_every_representative_core_change_changes_identity[path2-VALIDATED]
tests/unit/test_models.py::test_every_representative_core_change_changes_identity[path3-high]
tests/unit/test_models.py::test_every_representative_core_change_changes_identity[path4-Changed statement]
tests/unit/test_models.py::test_every_representative_core_change_changes_identity[path5-sha256:9999999999999999999999999999999999999999999999999999999999999999]
tests/unit/test_models.py::test_every_representative_core_change_changes_identity[path6-security-only]
tests/unit/test_models.py::test_every_representative_core_change_changes_identity[path7-False]
tests/unit/test_models.py::test_every_representative_core_change_changes_identity[path8-different effect]
tests/unit/test_models.py::test_every_representative_core_change_changes_identity[path9-structured_verbatim]
tests/unit/test_models.py::test_every_representative_core_change_changes_identity[path10-0.2.0]
tests/unit/test_models.py::test_every_representative_core_change_changes_identity[path11-rotated-key]
tests/unit/test_models.py::test_derived_sidecars_and_detached_signature_do_not_change_identity
tests/unit/test_models.py::test_array_order_is_identity_relevant
tests/unit/test_models.py::test_unicode_is_not_normalized
tests/unit/test_models.py::test_jcs_numeric_vectors[333333333.3333333-333333333.3333333]
tests/unit/test_models.py::test_jcs_numeric_vectors[1e+30-1e+30]
tests/unit/test_models.py::test_jcs_numeric_vectors[4.5-4.5]
tests/unit/test_models.py::test_jcs_numeric_vectors[0.002-0.002]
tests/unit/test_models.py::test_jcs_numeric_vectors[1e-27-1e-27]
tests/unit/test_models.py::test_jcs_numeric_vectors[-0.0-0]
tests/unit/test_models.py::test_jcs_uses_utf16_key_order
tests/unit/test_models.py::test_non_finite_numbers_are_rejected[nan]
tests/unit/test_models.py::test_non_finite_numbers_are_rejected[inf]
tests/unit/test_models.py::test_non_finite_numbers_are_rejected[-inf]
tests/unit/test_models.py::test_non_string_jcs_object_key_is_rejected_without_coercion
tests/unit/test_models.py::test_content_digest_can_be_replaced_without_recursive_instability
tests/unit/test_models.py::test_future_signature_input_is_domain_separated_and_digest_only
tests/unit/test_models.py::test_detached_signature_metadata_must_match_identity_bound_policy
tests/unit/test_models.py::test_published_signature_declaration_and_envelope_must_agree
tests/unit/test_models.py::test_evidence_bindings_must_be_reciprocal
tests/unit/test_models.py::test_security_paths_are_literal_repository_relative[path0-../outside/**]
tests/unit/test_models.py::test_security_paths_are_literal_repository_relative[path1-/etc/**]
tests/unit/test_models.py::test_security_paths_are_literal_repository_relative[path2-C:/Windows/**]
tests/unit/test_models.py::test_security_paths_are_literal_repository_relative[path3-../billing/**]
tests/unit/test_models.py::test_security_paths_are_literal_repository_relative[path4-./docs/security/auth.md]
tests/unit/test_models.py::test_security_paths_are_literal_repository_relative[path5-docs//security/auth.md]
tests/unit/test_models.py::test_security_paths_are_literal_repository_relative[path6-docs/./security/auth.md]
tests/unit/test_models.py::test_versions_dates_and_timestamps_are_semantically_valid[path0-1.0.0-01]
tests/unit/test_models.py::test_versions_dates_and_timestamps_are_semantically_valid[path1-2026-99-99]
tests/unit/test_models.py::test_versions_dates_and_timestamps_are_semantically_valid[path2-2026-99-99T99:99:99Z]
tests/unit/test_package_loader.py::test_valid_package_loads_and_matches_declared_digest
tests/unit/test_package_loader.py::test_non_cas_thin_package_does_not_require_local_blob[GIT_IMMUTABLE]
tests/unit/test_package_loader.py::test_non_cas_thin_package_does_not_require_local_blob[EXTERNAL_IMMUTABLE]
tests/unit/test_package_loader.py::test_schema_invalid_package_fails_without_partial_capsule
tests/unit/test_package_loader.py::test_declared_digest_mismatch_fails_closed
tests/unit/test_package_loader.py::test_missing_or_tampered_cas_evidence_fails_closed
tests/unit/test_package_loader.py::test_git_evidence_unsafe_paths_fail_closed[path-../secret]
tests/unit/test_package_loader.py::test_git_evidence_unsafe_paths_fail_closed[path-/etc/passwd]
tests/unit/test_package_loader.py::test_git_evidence_unsafe_paths_fail_closed[path-docs\\auth.md]
tests/unit/test_package_loader.py::test_git_evidence_requires_algorithm_tagged_full_oid[HEAD]
tests/unit/test_package_loader.py::test_git_evidence_requires_algorithm_tagged_full_oid[main]
tests/unit/test_package_loader.py::test_git_evidence_requires_algorithm_tagged_full_oid[sha1:abc]
tests/unit/test_package_loader.py::test_git_evidence_requires_algorithm_tagged_full_oid[aaaaaaaaaaaaaaaaaaaaaaaaaaaaaaaaaaaaaaaa]
tests/unit/test_package_loader.py::test_external_evidence_requires_canonical_immutable_locator[http://example.com/evidence]
tests/unit/test_package_loader.py::test_external_evidence_requires_canonical_immutable_locator[https://user@example.com/evidence]
tests/unit/test_package_loader.py::test_external_evidence_requires_canonical_immutable_locator[https://EXAMPLE.com/evidence]
tests/unit/test_package_loader.py::test_external_evidence_requires_canonical_immutable_locator[https://example.com/evidence?mutable=yes]
tests/unit/test_package_loader.py::test_external_evidence_requires_canonical_immutable_locator[https://example.com/evidence#fragment]
tests/unit/test_package_loader.py::test_external_evidence_requires_canonical_immutable_locator[https://example.com/%65vidence]
tests/unit/test_package_loader.py::test_external_evidence_requires_canonical_immutable_locator[https://example.com/evidence/]
tests/unit/test_package_loader.py::test_external_evidence_requires_canonical_immutable_locator[https://example.com/evidence/.]
tests/unit/test_package_loader.py::test_external_evidence_requires_canonical_immutable_locator[https://example.com/evidence/..]
tests/unit/test_package_loader.py::test_unknown_file_is_rejected
tests/unit/test_package_loader.py::test_symlinked_file_is_rejected
tests/unit/test_package_loader.py::test_duplicate_json_key_is_rejected_before_model_validation
tests/unit/test_package_loader.py::test_non_finite_json_tokens_are_rejected_by_strict_package_parser[NaN]
tests/unit/test_package_loader.py::test_non_finite_json_tokens_are_rejected_by_strict_package_parser[Infinity]
tests/unit/test_package_loader.py::test_non_finite_json_tokens_are_rejected_by_strict_package_parser[-Infinity]
tests/unit/test_package_loader.py::test_invalid_utf8_and_lone_surrogate_are_rejected
tests/unit/test_package_loader.py::test_structured_carriers_must_be_json_objects[manifest.json]
tests/unit/test_package_loader.py::test_structured_carriers_must_be_json_objects[payload/metadata.json]
tests/unit/test_package_loader.py::test_structured_carriers_must_be_json_objects[evidence/metadata.json]
tests/unit/test_package_loader.py::test_structured_carriers_must_be_json_objects[integrity/capsule.lock]
tests/unit/test_package_loader.py::test_unknown_evidence_mode_never_falls_back
tests/unit/test_package_loader.py::test_missing_required_core_carrier_fails_closed[manifest.json]
tests/unit/test_package_loader.py::test_missing_required_core_carrier_fails_closed[payload/atoms.jsonl]
tests/unit/test_package_loader.py::test_missing_required_core_carrier_fails_closed[evidence/source-map.jsonl]
tests/unit/test_package_loader.py::test_missing_required_core_carrier_fails_closed[graph/dependencies.json]
tests/unit/test_package_loader.py::test_missing_required_core_carrier_fails_closed[contracts/replacement.yaml]
tests/unit/test_package_loader.py::test_missing_required_core_carrier_fails_closed[policies/compression.yaml]
tests/unit/test_package_loader.py::test_missing_required_core_carrier_fails_closed[integrity/capsule.lock]
tests/unit/test_package_loader.py::test_missing_required_core_carrier_fails_closed[integrity/checksums.sha256]
tests/unit/test_package_loader.py::test_checksum_mismatch_fails_closed
tests/unit/test_package_loader.py::test_structured_file_key_order_and_whitespace_do_not_change_identity
tests/unit/test_package_loader.py::test_detached_signature_value_and_envelope_do_not_change_identity
tests/unit/test_package_loader.py::test_duplicate_yaml_key_and_alias_are_rejected_before_model_validation
tests/unit/test_package_loader.py::test_ambiguous_large_integer_is_rejected_before_model_validation
tests/unit/test_package_loader.py::test_cross_mode_fields_do_not_silently_fall_back
tests/unit/test_package_loader.py::test_symlinked_cas_object_is_rejected
tests/unit/test_package_loader.py::test_package_reached_through_symlinked_parent_is_rejected
tests/unit/test_package_loader.py::test_module_extension_carriers_are_optional[payload/metadata.json]
tests/unit/test_package_loader.py::test_module_extension_carriers_are_optional[evidence/metadata.json]
tests/unit/test_package_loader.py::test_carrier_unknown_fields_are_rejected[payload/metadata.json]
tests/unit/test_package_loader.py::test_carrier_unknown_fields_are_rejected[evidence/metadata.json]
tests/unit/test_package_loader.py::test_carrier_unknown_fields_are_rejected[integrity/capsule.lock]
tests/unit/test_package_loader.py::test_malformed_manifest_integrity_is_a_loader_error
tests/unit/test_package_loader.py::test_empty_lock_extensions_may_be_omitted
tests/unit/test_rank.py::test_real_bm25_prefers_repeated_term_and_retains_unmatched
tests/unit/test_rank.py::test_frozen_services_fit_read_only_protocol_consumers
tests/unit/test_rank.py::test_compression_priority_precedes_match_and_p0_miss_is_retained
tests/unit/test_rank.py::test_query_operators_are_literal_words[OR NOT NEAR * " ( )]
tests/unit/test_rank.py::test_query_operators_are_literal_words["OR" NOT (NEAR*)]
tests/unit/test_rank.py::test_sql_strings_in_statements_and_queries_remain_data
tests/unit/test_rank.py::test_empty_word_queries_have_zero_scores[]
tests/unit/test_rank.py::test_empty_word_queries_have_zero_scores[ \t\n]
tests/unit/test_rank.py::test_empty_word_queries_have_zero_scores[* " ( ) _]
tests/unit/test_rank.py::test_unicode_words_and_symbol_separators_are_searchable
tests/unit/test_rank.py::test_explicit_requirements_add_literal_query_words_without_indexing_ids
tests/unit/test_rank.py::test_query_word_order_and_duplicates_do_not_change_ranks
tests/unit/test_rank.py::test_all_input_permutations_have_identical_tied_results
tests/unit/test_rank.py::test_identical_full_json_duplicates_normalize_without_changing_bm25
tests/unit/test_rank.py::test_same_id_with_different_full_atom_json_fails[changes0]
tests/unit/test_rank.py::test_same_id_with_different_full_atom_json_fails[changes1]
tests/unit/test_rank.py::test_same_id_with_different_full_atom_json_fails[changes2]
tests/unit/test_rank.py::test_malformed_or_nonformal_atoms_fail_before_ranking[changes0]
tests/unit/test_rank.py::test_malformed_or_nonformal_atoms_fail_before_ranking[changes1]
tests/unit/test_rank.py::test_malformed_or_nonformal_atoms_fail_before_ranking[changes2]
tests/unit/test_rank.py::test_malformed_or_nonformal_atoms_fail_before_ranking[changes3]
tests/unit/test_rank.py::test_malformed_or_nonformal_atoms_fail_before_ranking[changes4]
tests/unit/test_rank.py::test_malformed_or_nonformal_atoms_fail_before_ranking[changes5]
tests/unit/test_rank.py::test_non_atom_objects_are_rejected[None]
tests/unit/test_rank.py::test_non_atom_objects_are_rejected[value1]
tests/unit/test_rank.py::test_non_atom_objects_are_rejected[not-an-atom]
tests/unit/test_rank.py::test_original_extension_keys_cannot_be_rewritten_before_validation[False-nested0]
tests/unit/test_rank.py::test_original_extension_keys_cannot_be_rewritten_before_validation[False-nested1]
tests/unit/test_rank.py::test_original_extension_keys_cannot_be_rewritten_before_validation[True-nested0]
tests/unit/test_rank.py::test_original_extension_keys_cannot_be_rewritten_before_validation[True-nested1]
tests/unit/test_rank.py::test_unknown_nested_model_fields_cannot_disappear_before_validation[False]
tests/unit/test_rank.py::test_unknown_nested_model_fields_cannot_disappear_before_validation[True]
tests/unit/test_rank.py::test_valid_nested_extension_containers_and_full_atom_remain_unchanged
tests/unit/test_rank.py::test_per_call_isolation_returns_only_current_inputs_and_empty_input
tests/unit/test_rank.py::test_connections_close_after_success
tests/unit/test_rank.py::test_connect_failure_is_safe_compile_error
tests/unit/test_rank.py::test_missing_fts5_fails_safely_and_closes_connection
tests/unit/test_rank.py::test_ranker_is_frozen_and_digest_binds_sqlite_and_service_versions
tests/unit/test_registry.py::test_default_resolver_denies_all
tests/unit/test_registry.py::test_first_publish_and_restart_get_preserve_immutable_fields
tests/unit/test_registry.py::test_exact_republish_is_idempotent_without_timestamp_or_row_changes
tests/unit/test_registry.py::test_same_id_version_different_digest_is_rejected_and_original_survives
tests/unit/test_registry.py::test_same_digest_different_detached_envelope_is_not_idempotent
tests/unit/test_registry.py::test_publish_revalidates_model_copy_that_bypassed_nested_invariants
tests/unit/test_registry.py::test_unauthorized_duplicate_publish_does_not_confirm_existence
tests/unit/test_registry.py::test_access_policy_can_only_narrow_resolver_permission
tests/unit/test_registry.py::test_malformed_policy_resolver_decision_fails_closed
tests/unit/test_registry.py::test_orphan_blob_and_unpublished_reference_are_not_readable
tests/unit/test_registry.py::test_published_blob_read_uses_grant_and_revalidates_tamper
tests/unit/test_registry.py::test_registry_rejects_cas_media_type_header_tamper
tests/unit/test_registry.py::test_shared_blob_grants_are_union_of_individually_authorized_publications
tests/unit/test_registry.py::test_transaction_failure_rolls_back_publication_references_and_grants
tests/unit/test_registry.py::test_attestation_insert_failure_rolls_back_then_retry_and_replay_are_atomic
tests/unit/test_registry.py::test_cas_integrity_failure_inside_publish_leaves_no_registry_rows
tests/unit/test_registry.py::test_publish_does_not_mutate_lifecycle_to_published
tests/unit/test_registry.py::test_registry_detects_missing_reference_row_instead_of_repairing_it
tests/unit/test_registry.py::test_registry_get_missing_and_unauthorized_are_both_non_disclosing
tests/unit/test_registry.py::test_blob_access_policy_cannot_expand_a_resolver_read_grant
tests/unit/test_registry.py::test_tampered_grant_cannot_authorize_an_unreferenced_cas_object
tests/unit/test_registry.py::test_unauthorized_get_does_not_expose_corrupt_existing_record
tests/unit/test_registry.py::test_sql_implementation_has_no_replace_or_public_mutation_api
tests/unit/test_renderers.py::test_p0_exact_text_and_prefix_are_stable_across_task_changes
tests/unit/test_renderers.py::test_p1_keeps_semantic_fields_and_exceptions
tests/unit/test_renderers.py::test_p2_uses_exact_excerpt_and_full_expansion_only_when_requested
tests/unit/test_renderers.py::test_every_class_requires_evidence[P0_EXACT]
tests/unit/test_renderers.py::test_every_class_requires_evidence[P1_STRUCTURED]
tests/unit/test_renderers.py::test_every_class_requires_evidence[P2_EVIDENCE]
tests/unit/test_renderers.py::test_every_class_requires_evidence[P3_SUMMARY]
tests/unit/test_renderers.py::test_every_class_requires_evidence[P4_TRANSIENT]
tests/unit/test_renderers.py::test_unknown_expansion_is_rejected
tests/unit/test_renderers.py::test_untrusted_evidence_is_framed_as_data_and_not_executed
tests/unit/test_renderers.py::test_secret_in_source_or_task_fails_without_echo
tests/unit/test_renderers.py::test_renderer_is_immutable_and_configuration_bound
tests/unit/test_renderers.py::test_structured_render_retains_core_extensions
tests/unit/test_renderers.py::test_scanner_failure_is_a_safe_blocker
tests/unit/test_renderers.py::test_equal_evidence_identifiers_keep_capsule_provenance
tests/unit/test_renderers.py::test_conflicting_material_for_same_handle_is_rejected
tests/unit/test_schema_python_parity.py::test_atom_scope_has_module_and_root_schema_python_parity[audit-empty-scope]
tests/unit/test_schema_python_parity.py::test_atom_scope_has_module_and_root_schema_python_parity[legal-single-scope]
tests/unit/test_schema_python_parity.py::test_replacement_contract_lists_have_module_and_root_schema_python_parity[audit-empty-target-effects]
tests/unit/test_schema_python_parity.py::test_replacement_contract_lists_have_module_and_root_schema_python_parity[legal-single-target-effect]
tests/unit/test_schema_python_parity.py::test_replacement_contract_lists_have_module_and_root_schema_python_parity[empty-protected-invariants]
tests/unit/test_schema_python_parity.py::test_replacement_contract_lists_have_module_and_root_schema_python_parity[legal-single-protected-invariant]
tests/unit/test_schema_python_parity.py::test_git_path_has_module_and_root_schema_python_parity[audit-leading-parent-segment]
tests/unit/test_schema_python_parity.py::test_git_path_has_module_and_root_schema_python_parity[absolute]
tests/unit/test_schema_python_parity.py::test_git_path_has_module_and_root_schema_python_parity[interior-parent-segment]
tests/unit/test_schema_python_parity.py::test_git_path_has_module_and_root_schema_python_parity[backslash-platform-separator]
tests/unit/test_schema_python_parity.py::test_git_path_has_module_and_root_schema_python_parity[drive-prefix]
tests/unit/test_schema_python_parity.py::test_git_path_has_module_and_root_schema_python_parity[empty]
tests/unit/test_schema_python_parity.py::test_git_path_has_module_and_root_schema_python_parity[double-separator]
tests/unit/test_schema_python_parity.py::test_git_path_has_module_and_root_schema_python_parity[trailing-empty-segment]
tests/unit/test_schema_python_parity.py::test_git_path_has_module_and_root_schema_python_parity[dot-segment]
tests/unit/test_schema_python_parity.py::test_git_path_has_module_and_root_schema_python_parity[nul]
tests/unit/test_schema_python_parity.py::test_git_path_has_module_and_root_schema_python_parity[legal-relative]
tests/unit/test_schema_python_parity.py::test_git_path_has_module_and_root_schema_python_parity[legal-wildcard]
tests/unit/test_schema_python_parity.py::test_git_path_has_module_and_root_schema_python_parity[legal-nonleading-drive-text]
tests/unit/test_schema_python_parity.py::test_git_path_has_module_and_root_schema_python_parity[legal-dot-plus-newline-text]
tests/unit/test_schema_python_parity.py::test_git_path_has_module_and_root_schema_python_parity[legal-double-dot-plus-newline-text]
tests/unit/test_schema_python_parity.py::test_external_uri_lexical_rules_have_module_and_root_schema_python_parity[audit-http-scheme]
tests/unit/test_schema_python_parity.py::test_external_uri_lexical_rules_have_module_and_root_schema_python_parity[legal-canonical-https]
tests/unit/test_schema_python_parity.py::test_external_uri_lexical_rules_have_module_and_root_schema_python_parity[legal-uppercase-https-scheme]
tests/unit/test_schema_python_parity.py::test_external_uri_lexical_rules_have_module_and_root_schema_python_parity[legal-leading-c0-space-normalization]
tests/unit/test_schema_python_parity.py::test_external_uri_lexical_rules_have_module_and_root_schema_python_parity[legal-scheme-control-removal]
tests/unit/test_schema_python_parity.py::test_external_uri_lexical_rules_have_module_and_root_schema_python_parity[legal-doi]
tests/unit/test_schema_python_parity.py::test_external_uri_lexical_rules_have_module_and_root_schema_python_parity[legal-doi-byte-order-mark-non-whitespace]
tests/unit/test_schema_python_parity.py::test_external_uri_lexical_rules_have_module_and_root_schema_python_parity[doi-next-line-is-python-whitespace]
tests/unit/test_schema_python_parity.py::test_external_uri_lexical_rules_have_module_and_root_schema_python_parity[doi-em-space-is-python-whitespace]
tests/unit/test_schema_python_parity.py::test_external_uri_lexical_rules_have_module_and_root_schema_python_parity[doi-trailing-newline-is-not-absolute-end]
tests/unit/test_schema_python_parity.py::test_external_uri_lexical_rules_have_module_and_root_schema_python_parity[legal-urn]
tests/unit/test_schema_python_parity.py::test_external_uri_lexical_rules_have_module_and_root_schema_python_parity[legal-urn-byte-order-mark-non-whitespace]
tests/unit/test_schema_python_parity.py::test_external_uri_lexical_rules_have_module_and_root_schema_python_parity[urn-next-line-is-python-whitespace]
tests/unit/test_schema_python_parity.py::test_external_uri_lexical_rules_have_module_and_root_schema_python_parity[urn-ogham-space-is-python-whitespace]
tests/unit/test_schema_python_parity.py::test_external_uri_lexical_rules_have_module_and_root_schema_python_parity[urn-trailing-newline-is-not-absolute-end]
tests/unit/test_schema_python_parity.py::test_external_uri_schema_patterns_avoid_engine_dependent_whitespace_shorthand[evidence-plane.schema.json]
tests/unit/test_schema_python_parity.py::test_external_uri_schema_patterns_avoid_engine_dependent_whitespace_shorthand[capsule.schema.json]
tests/unit/test_schema_python_parity.py::test_external_uri_schema_uses_exact_portable_doi_and_urn_patterns[evidence-plane.schema.json]
tests/unit/test_schema_python_parity.py::test_external_uri_schema_uses_exact_portable_doi_and_urn_patterns[capsule.schema.json]
tests/unit/test_schema_python_parity.py::test_external_uri_parser_only_semantics_remain_python_enforced[https://EXAMPLE.com/evidence]
tests/unit/test_schema_python_parity.py::test_external_uri_parser_only_semantics_remain_python_enforced[https://example.com/evidence?mutable=yes]
tests/unit/test_schema_python_parity.py::test_external_uri_parser_only_semantics_remain_python_enforced[https://example.com/evidence/]
tests/unit/test_service_review_regressions.py::test_foreign_graph_sources_cannot_rewrite_owner_dependencies[a-requires]
tests/unit/test_service_review_regressions.py::test_foreign_graph_sources_cannot_rewrite_owner_dependencies[a-conflicts]
tests/unit/test_service_review_regressions.py::test_foreign_graph_sources_cannot_rewrite_owner_dependencies[com.example.owner-requires]
tests/unit/test_service_review_regressions.py::test_foreign_graph_sources_cannot_rewrite_owner_dependencies[com.example.owner-conflicts]
tests/unit/test_service_review_regressions.py::test_capsule_source_edges_are_bound_to_declaring_release
tests/unit/test_service_review_regressions.py::test_legacy_git_locator_still_requires_real_anchor
tests/unit/test_service_review_regressions.py::test_missing_promised_git_object_never_starts_fetch
tests/unit/test_service_review_regressions.py::test_git_excerpt_stays_bound_to_approval_and_stable_anchor[different_span]
tests/unit/test_service_review_regressions.py::test_git_excerpt_stays_bound_to_approval_and_stable_anchor[locator_heading]
tests/unit/test_source_ingestion_regression.py::test_snapshot_identity_metadata_and_public_trust_are_preserved[CAS]
tests/unit/test_source_ingestion_regression.py::test_snapshot_identity_metadata_and_public_trust_are_preserved[GIT_IMMUTABLE]
tests/unit/test_source_ingestion_regression.py::test_snapshot_identity_metadata_and_public_trust_are_preserved[EXTERNAL_IMMUTABLE]
tests/unit/test_source_ingestion_regression.py::test_validation_failure_precedes_cas_and_registration[bad.txt-\xff-SecretDetectedError-evidence is not valid UTF-8]
tests/unit/test_source_ingestion_regression.py::test_validation_failure_precedes_cas_and_registration[bad.json-{-QuarantineError-source JSON is invalid]
tests/unit/test_source_ingestion_regression.py::test_validation_failure_precedes_cas_and_registration[bad.yaml-[-QuarantineError-source YAML is invalid]
tests/unit/test_source_ingestion_regression.py::test_validation_failure_precedes_cas_and_registration[secret.md-sk-test-1234567890-SecretDetectedError-secret-like content is forbidden in source evidence]
tests/unit/test_source_ingestion_regression.py::test_locator_failure_precedes_content_validation_and_persistence[missing]
tests/unit/test_source_ingestion_regression.py::test_locator_failure_precedes_content_validation_and_persistence[outside]
tests/unit/test_source_ingestion_regression.py::test_locator_failure_precedes_content_validation_and_persistence[git-mismatch]
tests/unit/test_spec_lock.py::test_frozen_baseline_matches_approved_digest[relative_path0-aaddaa8def8df1ef2efbe4f9487de0ba86a60ae5aed8955ca76f5e070fa01e5c]
tests/unit/test_spec_lock.py::test_frozen_baseline_matches_approved_digest[relative_path1-7c1feebb36776c09de5c0ba5462540072374b9902d8e04d405585a8efb8659c0]
tests/unit/test_spec_lock.py::test_exported_digests_are_the_approved_values
tests/unit/test_spec_lock.py::test_modified_baseline_is_rejected
tests/unit/test_versions.py::test_release_comparisons[1.2.0-==1.2-True]
tests/unit/test_versions.py::test_release_comparisons[1.0.0->= 1, < 2-True]
tests/unit/test_versions.py::test_release_comparisons[1.0.0->1-False]
tests/unit/test_versions.py::test_release_comparisons[1.0.0-<=1-True]
tests/unit/test_versions.py::test_release_comparisons[1.0.0-!=1-False]
tests/unit/test_versions.py::test_release_comparisons[1.0.0-<1-False]
tests/unit/test_versions.py::test_release_comparisons[1.0.0+first-==1.0.0+second-True]
tests/unit/test_versions.py::test_release_comparisons[1.0.0-alpha-<1.0.0-alpha.1-True]
tests/unit/test_versions.py::test_release_comparisons[1.0.0-alpha.1-<1.0.0-alpha.beta-True]
tests/unit/test_versions.py::test_release_comparisons[1.0.0-beta.2-<1.0.0-beta.11-True]
tests/unit/test_versions.py::test_release_comparisons[1.0.0-rc.1-<1.0.0-True]
tests/unit/test_versions.py::test_release_comparisons[2.0.0->=1,<2-False]
tests/unit/test_versions.py::test_invalid_constraint_rejected[]
tests/unit/test_versions.py::test_invalid_constraint_rejected[ ]
tests/unit/test_versions.py::test_invalid_constraint_rejected[1]
tests/unit/test_versions.py::test_invalid_constraint_rejected[^1]
tests/unit/test_versions.py::test_invalid_constraint_rejected[~1]
tests/unit/test_versions.py::test_invalid_constraint_rejected[==1.*]
tests/unit/test_versions.py::test_invalid_constraint_rejected[>=1 || <2]
tests/unit/test_versions.py::test_invalid_constraint_rejected[>=01]
tests/unit/test_versions.py::test_invalid_constraint_rejected[==1.02]
tests/unit/test_versions.py::test_invalid_constraint_rejected[==1.0.0-01]
tests/unit/test_versions.py::test_invalid_constraint_rejected[==1.0.0\n]
tests/unit/test_versions.py::test_invalid_constraint_rejected[>=1,]
tests/unit/test_versions.py::test_invalid_constraint_rejected[>=1,broken]
tests/unit/test_versions.py::test_invalid_constraint_rejected[===1]
tests/unit/test_versions.py::test_invalid_constraint_rejected[==v1.0.0]
tests/unit/test_versions.py::test_invalid_release_rejected[01.0.0]
tests/unit/test_versions.py::test_invalid_release_rejected[1.0.0-01]
tests/unit/test_versions.py::test_invalid_release_rejected[1.0.0\n]
tests/unit/test_versions.py::test_invalid_release_rejected[v1.0.0]
tests/unit/test_versions.py::test_interface_preserves_exact_versioned_name
tests/unit/test_versions.py::test_interface_grammar_matches_admission[auth]
tests/unit/test_versions.py::test_interface_grammar_matches_admission[auth/v01]
tests/unit/test_versions.py::test_interface_grammar_matches_admission[/v1]
tests/unit/test_versions.py::test_interface_grammar_matches_admission[auth/v1\n]
tests/unit/test_view_models.py::test_budget_subtracts_every_reservation_and_allows_zero
tests/unit/test_view_models.py::test_budget_rejects_negative_and_coerced_counts[-1]
tests/unit/test_view_models.py::test_budget_rejects_negative_and_coerced_counts[True]
tests/unit/test_view_models.py::test_budget_rejects_negative_and_coerced_counts[10]
tests/unit/test_view_models.py::test_budget_rejects_negative_and_coerced_counts[1.5]
tests/unit/test_view_models.py::test_budget_rejects_negative_available
tests/unit/test_view_models.py::test_task_normalizes_sets_but_preserves_text
tests/unit/test_view_models.py::test_task_rejects_nonliteral_or_unsafe_paths[]
tests/unit/test_view_models.py::test_task_rejects_nonliteral_or_unsafe_paths[/a]
tests/unit/test_view_models.py::test_task_rejects_nonliteral_or_unsafe_paths[../a]
tests/unit/test_view_models.py::test_task_rejects_nonliteral_or_unsafe_paths[a/../b]
tests/unit/test_view_models.py::test_task_rejects_nonliteral_or_unsafe_paths[a//b]
tests/unit/test_view_models.py::test_task_rejects_nonliteral_or_unsafe_paths[a/./b]
tests/unit/test_view_models.py::test_task_rejects_nonliteral_or_unsafe_paths[C:/a]
tests/unit/test_view_models.py::test_task_rejects_nonliteral_or_unsafe_paths[a\\b]
tests/unit/test_view_models.py::test_task_rejects_nonliteral_or_unsafe_paths[a/*]
tests/unit/test_view_models.py::test_task_rejects_nonliteral_or_unsafe_paths[a/?]
tests/unit/test_view_models.py::test_task_rejects_nonliteral_or_unsafe_paths[a/[x]]
tests/unit/test_view_models.py::test_task_rejects_nonliteral_or_unsafe_paths[a\x00b]
tests/unit/test_view_models.py::test_task_rejects_impossible_scope_or_unknown_fields[changes0]
tests/unit/test_view_models.py::test_task_rejects_impossible_scope_or_unknown_fields[changes1]
tests/unit/test_view_models.py::test_task_rejects_impossible_scope_or_unknown_fields[changes2]
tests/unit/test_view_models.py::test_task_rejects_impossible_scope_or_unknown_fields[changes3]
tests/unit/test_view_models.py::test_task_rejects_impossible_scope_or_unknown_fields[changes4]
tests/unit/test_view_models.py::test_request_config_is_recursively_frozen_and_detached
tests/unit/test_view_models.py::test_request_rejects_non_json_runtime_config[config0]
tests/unit/test_view_models.py::test_request_rejects_non_json_runtime_config[config1]
tests/unit/test_view_models.py::test_request_rejects_non_json_runtime_config[config2]
tests/unit/test_view_models.py::test_request_rejects_non_json_runtime_config[config3]
tests/unit/test_view_models.py::test_request_requires_nominal_objects_and_real_timestamp[changes0]
tests/unit/test_view_models.py::test_request_requires_nominal_objects_and_real_timestamp[changes1]
tests/unit/test_view_models.py::test_request_requires_nominal_objects_and_real_timestamp[changes2]
tests/unit/test_view_models.py::test_request_requires_nominal_objects_and_real_timestamp[changes3]
tests/unit/test_view_models.py::test_request_does_not_confuse_nominal_publication_with_authority
tests/unit/test_view_models.py::test_request_projection_omits_rebuildable_data_and_publication_time
tests/unit/test_view_models.py::test_eligibility_rejects_contradictory_admission[changes0]
tests/unit/test_view_models.py::test_eligibility_rejects_contradictory_admission[changes1]
tests/unit/test_view_models.py::test_validation_report_is_valid_exactly_when_blockers_are_absent[True-blockers0]
tests/unit/test_view_models.py::test_validation_report_is_valid_exactly_when_blockers_are_absent[False-blockers1]
tests/unit/test_view_models.py::test_ranked_atom_preserves_core_order_statement_and_digest
tests/unit/test_view_models.py::test_ranked_atom_rejects_score_type_coercion[True]
tests/unit/test_view_models.py::test_ranked_atom_rejects_score_type_coercion[1]
tests/unit/test_view_models.py::test_ranked_atom_rejects_score_type_coercion[0.5]
tests/unit/test_view_models.py::test_evidence_identity_is_canonical_and_contains_no_location
tests/unit/test_view_models.py::test_manifest_canonical_bytes_ignore_set_permutations_and_preserve_reasons
tests/unit/test_view_models.py::test_manifest_rejects_duplicate_capsule_and_decision_identities
tests/unit/test_view_models.py::test_token_accounting_rejects_impossible_counts[fields0]
tests/unit/test_view_models.py::test_token_accounting_rejects_impossible_counts[fields1]
tests/unit/test_view_models.py::test_token_accounting_rejects_impossible_counts[fields2]
tests/unit/test_view_models.py::test_manifest_count_maps_are_frozen
tests/unit/test_view_models.py::test_invalid_view_must_have_empty_content_and_matching_report
tests/unit/test_view_models.py::test_valid_view_rejects_overbudget_accounting
tests/unit/test_view_models.py::test_compile_error_contains_only_a_safe_code
tests/unit/test_view_models.py::test_request_rejects_nominal_subclasses

745 tests collected in 0.35s
